Archive member included to satisfy reference by file (symbol)

../../bsp/libbsp.a(crt0.o)    (_Reset_handler)
../../bsp/libbsp.a(bsp_init.o)
                              ../../bsp/libbsp.a(crt0.o) (bsp_init)
../../bsp/libbsp.a(usart.o)   ../../bsp/libbsp.a(bsp_init.o) (usart_bus_init)
../../bsp/libbsp.a(gpio.o)    ../../bsp/libbsp.a(bsp_init.o) (gpio_bus_init)
../../bsp/libbsp.a(dev.o)     ../../bsp/libbsp.a(usart.o) (register_dev)
../../bsp/libg.a(lib_a-errno.o)
                              ../../bsp/libbsp.a(dev.o) (__errno)
../../bsp/libg.a(lib_a-impure.o)
                              ../../bsp/libg.a(lib_a-errno.o) (_impure_ptr)
../../bsp/libg.a(lib_a-iprintf.o)
                              main.o (iprintf)
../../bsp/libg.a(lib_a-memcmp.o)
                              ../../bsp/libbsp.a(dev.o) (memcmp)
../../bsp/libg.a(lib_a-strlen.o)
                              ../../bsp/libbsp.a(dev.o) (strlen)
../../bsp/libg.a(lib_a-vfiprintf.o)
                              ../../bsp/libg.a(lib_a-iprintf.o) (_vfiprintf_r)
../../bsp/libg.a(lib_a-wsetup.o)
                              ../../bsp/libg.a(lib_a-vfiprintf.o) (__swsetup_r)
../../bsp/libg.a(lib_a-fflush.o)
                              ../../bsp/libg.a(lib_a-vfiprintf.o) (_fflush_r)
../../bsp/libg.a(lib_a-findfp.o)
                              ../../bsp/libg.a(lib_a-vfiprintf.o) (__sinit)
../../bsp/libg.a(lib_a-fputwc.o)
                              ../../bsp/libg.a(lib_a-vfiprintf.o) (_fputwc_r)
../../bsp/libg.a(lib_a-freer.o)
                              ../../bsp/libg.a(lib_a-wsetup.o) (_free_r)
../../bsp/libg.a(lib_a-fvwrite.o)
                              ../../bsp/libg.a(lib_a-vfiprintf.o) (__sfvwrite_r)
../../bsp/libg.a(lib_a-fwalk.o)
                              ../../bsp/libg.a(lib_a-findfp.o) (_fwalk)
../../bsp/libg.a(lib_a-locale.o)
                              ../../bsp/libg.a(lib_a-fputwc.o) (__locale_mb_cur_max)
../../bsp/libg.a(lib_a-makebuf.o)
                              ../../bsp/libg.a(lib_a-wsetup.o) (__smakebuf_r)
../../bsp/libg.a(lib_a-mallocr.o)
                              ../../bsp/libg.a(lib_a-findfp.o) (_malloc_r)
../../bsp/libg.a(lib_a-mbtowc_r.o)
                              ../../bsp/libg.a(lib_a-locale.o) (__ascii_mbtowc)
../../bsp/libg.a(lib_a-memchr.o)
                              ../../bsp/libg.a(lib_a-vfiprintf.o) (memchr)
../../bsp/libg.a(lib_a-memcpy.o)
                              ../../bsp/libg.a(lib_a-fvwrite.o) (memcpy)
../../bsp/libg.a(lib_a-memmove.o)
                              ../../bsp/libg.a(lib_a-fvwrite.o) (memmove)
../../bsp/libg.a(lib_a-memset.o)
                              ../../bsp/libg.a(lib_a-findfp.o) (memset)
../../bsp/libg.a(lib_a-mlock.o)
                              ../../bsp/libg.a(lib_a-freer.o) (__malloc_lock)
../../bsp/libg.a(lib_a-reallocr.o)
                              ../../bsp/libg.a(lib_a-fvwrite.o) (_realloc_r)
../../bsp/libg.a(lib_a-sbrkr.o)
                              ../../bsp/libg.a(lib_a-freer.o) (_sbrk_r)
../../bsp/libg.a(lib_a-stdio.o)
                              ../../bsp/libg.a(lib_a-findfp.o) (__sread)
../../bsp/libg.a(lib_a-strcmp.o)
                              ../../bsp/libg.a(lib_a-locale.o) (strcmp)
../../bsp/libg.a(lib_a-wbuf.o)
                              ../../bsp/libg.a(lib_a-fputwc.o) (__swbuf_r)
../../bsp/libg.a(lib_a-wcrtomb.o)
                              ../../bsp/libg.a(lib_a-fputwc.o) (_wcrtomb_r)
../../bsp/libg.a(lib_a-wctomb_r.o)
                              ../../bsp/libg.a(lib_a-locale.o) (__ascii_wctomb)
../../bsp/libg.a(lib_a-writer.o)
                              ../../bsp/libg.a(lib_a-stdio.o) (_write_r)
../../bsp/libg.a(lib_a-closer.o)
                              ../../bsp/libg.a(lib_a-stdio.o) (_close_r)
../../bsp/libg.a(lib_a-ctype_.o)
                              ../../bsp/libg.a(lib_a-locale.o) (_ctype_)
../../bsp/libg.a(lib_a-fclose.o)
                              ../../bsp/libg.a(lib_a-findfp.o) (_fclose_r)
../../bsp/libg.a(lib_a-fstatr.o)
                              ../../bsp/libg.a(lib_a-makebuf.o) (_fstat_r)
../../bsp/libg.a(lib_a-isattyr.o)
                              ../../bsp/libg.a(lib_a-makebuf.o) (_isatty_r)
../../bsp/libg.a(lib_a-lseekr.o)
                              ../../bsp/libg.a(lib_a-stdio.o) (_lseek_r)
../../bsp/libg.a(lib_a-readr.o)
                              ../../bsp/libg.a(lib_a-stdio.o) (_read_r)
../../bsp/libg.a(lib_a-reent.o)
                              ../../bsp/libg.a(lib_a-sbrkr.o) (errno)
../../bsp/libbsp.a(syscalls.o)
                              ../../bsp/libg.a(lib_a-closer.o) (_close)
../../bsp/libbsp.a(excep.o)   ../../bsp/libbsp.a(syscalls.o) (excep_disable_faultmask)

Allocating common symbols
Common symbol       size              file

errno               0x4               ../../bsp/libg.a(lib_a-reent.o)

Memory Configuration

Name             Origin             Length             Attributes
RAM              0x0000000020000000 0x0000000000020000
*default*        0x0000000000000000 0xffffffffffffffff

Linker script and memory map

                0x0000000000010000                _stack_size = 0x10000
                0x000000000000b328                _heap_size = (_stack_bottom - _bss_end)
                [!provide]                        PROVIDE (heap_size, _heap_size)
                0x0000000020020000                _ram_limit = (ORIGIN (RAM) + LENGTH (RAM))

.text           0x0000000020000000     0x3e90
 *(.startup*)
 .startup       0x0000000020000000      0x1c4 ../../bsp/libbsp.a(crt0.o)
                0x0000000020000000                _isr_vector
                0x0000000020000008                _excep_handlers
                0x0000000020000040                _interrupt_handlers
 *(.isr_vector)
                0x00000000200001c4                _text = .
 *(.text*)
 .text          0x00000000200001c4       0x88 main.o
                0x00000000200001c4                gpio_init
                0x00000000200001e0                led_on
                0x00000000200001ee                led_off
                0x00000000200001fc                pause
                0x0000000020000226                main
 *fill*         0x000000002000024c        0x4 
 .text          0x0000000020000250       0x30 ../../bsp/libbsp.a(crt0.o)
                0x0000000020000250                _Reset_handler
                0x0000000020000260                _start
                0x0000000020000276                _CAN2_RX1_handler
                0x0000000020000276                _DMA2_Stream2_handler
                0x0000000020000276                _CAN2_SCE_handler
                0x0000000020000276                _FMC_handler
                0x0000000020000276                _OTG_FS_handler
                0x0000000020000276                _QuadSPI_handler
                0x0000000020000276                _CAN1_TX_handler
                0x0000000020000276                _I2C2_EV_handler
                0x0000000020000276                _FMPI2C1_error_handler
                0x0000000020000276                _TIM1_BRK_TIM9_handler
                0x0000000020000276                _EXTI3_handler
                0x0000000020000276                _OTG_HS_handler
                0x0000000020000276                _FPU_handler
                0x0000000020000276                _DMA2_Stream6_handler
                0x0000000020000276                _EXTI0_handler
                0x0000000020000276                _SPDIF_Rx_handler
                0x0000000020000276                _DMA2_Stream5_handler
                0x0000000020000276                _I2C3_EV_handler
                0x0000000020000276                _USART2_handler
                0x0000000020000276                _OTG_HS_EP1_IN_handler
                0x0000000020000276                _DMA2_Stream7_handler
                0x0000000020000276                _USART6_handler
                0x0000000020000276                _I2C3_ER_handler
                0x0000000020000276                _TIM2_handler
                0x0000000020000276                _TIM1_CC_handler
                0x0000000020000276                _UsageFault_handler
                0x0000000020000276                _RCC_handler
                0x0000000020000276                _SDIO_handler
                0x0000000020000276                _EXTI2_handler
                0x0000000020000276                _DebugMonitor_handler
                0x0000000020000276                _TIM8_CC_handler
                0x0000000020000276                _SPI3_handler
                0x0000000020000276                _TIM1_TRG_COM_TIM11_handler
                0x0000000020000276                _DMA2_Stream4_handler
                0x0000000020000276                _OTG_HS_EP1_OUT_handler
                0x0000000020000276                _USART1_handler
                0x0000000020000276                _TIM3_handler
                0x0000000020000276                _CAN1_SCE_handler
                0x0000000020000276                _TIM4_handler
                0x0000000020000276                _DMA1_Stream4_handler
                0x0000000020000276                _MemManage_handler
                0x0000000020000276                _EXTI15_10_handler
                0x0000000020000276                _OTG_FS_WKUP_handler
                0x0000000020000276                _RTC_WKUP_handler
                0x0000000020000276                _I2C2_ER_handler
                0x0000000020000276                _CAN1_RX1_handler
                0x0000000020000276                _DMA2_Stream0_handler
                0x0000000020000276                _CAN2_TX_handler
                0x0000000020000276                _DMA1_Stream0_handler
                0x0000000020000276                _UART4_handler
                0x0000000020000276                _EXTI4_handler
                0x0000000020000276                _TIM7_handler
                0x0000000020000276                _USART3_handler
                0x0000000020000276                _FMPI2C1_handler
                0x0000000020000276                _SAI1_handler
                0x0000000020000276                _DMA1_Stream6_handler
                0x0000000020000276                _DMA2_Stream1_handler
                0x0000000020000276                _Systick_handler
                0x0000000020000276                _TIM6_DAC_handler
                0x0000000020000276                _I2C1_ER_handler
                0x0000000020000276                _DMA1_Stream3_handler
                0x0000000020000276                _DMA2_Stream3_handler
                0x0000000020000276                _TIM1_UP_TIM10_handler
                0x0000000020000276                _HDMI_CEC_handler
                0x0000000020000276                default_Handler
                0x0000000020000276                _OTG_HS_WKUP_handler
                0x0000000020000276                _CAN1_RX0_handler
                0x0000000020000276                _DMA1_Stream2_handler
                0x0000000020000276                _SVCall_handler
                0x0000000020000276                _TIM8_UP_TIM13_handler
                0x0000000020000276                _DCMI_handler
                0x0000000020000276                _HardFault_handler
                0x0000000020000276                _NMI_handler
                0x0000000020000276                _DMA1_Stream5_handler
                0x0000000020000276                _EXTI1_handler
                0x0000000020000276                _SPI1_handler
                0x0000000020000276                _DMA1_Stream1_handler
                0x0000000020000276                _PendSV_handler
                0x0000000020000276                _ADC_handler
                0x0000000020000276                _RTC_Alarm_handler
                0x0000000020000276                _CAN2_RX0_handler
                0x0000000020000276                _EXTI9_5_handler
                0x0000000020000276                _I2C1_EV_handler
                0x0000000020000276                _TIM5_handler
                0x0000000020000276                _WWDG_handler
                0x0000000020000276                _UART5_handler
                0x0000000020000276                _TIM8_TRG_COM_TIM14_handler
                0x0000000020000276                _SPI4_handler
                0x0000000020000276                _SAI2_handler
                0x0000000020000276                _SPI2_handler
                0x0000000020000276                _BusFault_handler
                0x0000000020000276                _PVD_handler
                0x0000000020000276                _TAMP_STAMP_handler
                0x0000000020000276                _DMA1_Stream7_handler
                0x0000000020000276                _TIM8_BRK_TIM12_handler
                0x0000000020000276                _FLASH_handler
 .text          0x0000000020000280       0x64 ../../bsp/libbsp.a(bsp_init.o)
                0x0000000020000280                bus_init
                0x0000000020000290                io_init
                0x00000000200002d4                bsp_init
 .text          0x00000000200002e4      0x3bc ../../bsp/libbsp.a(usart.o)
                0x00000000200002e4                usart_bus_init
                0x0000000020000328                usart_init
                0x00000000200005a4                usart_send_byte
                0x00000000200005ec                usart_send
                0x0000000020000628                usart_receive_byte
                0x0000000020000664                usart_receive
 .text          0x00000000200006a0      0x398 ../../bsp/libbsp.a(gpio.o)
                0x00000000200006a0                gpio_bus_init
                0x00000000200006c8                gpio_set_mode
                0x0000000020000748                gpio_set_output_type
                0x00000000200007cc                gpio_set_output_speed
                0x000000002000084c                gpio_set_pull_up_pull_down
                0x00000000200008cc                gpio_set_pin
                0x0000000020000900                gpio_clear_pin
                0x0000000020000938                gpio_set_function_pin
                0x00000000200009e8                gpio_get_input_pin
                0x0000000020000a10                gpio_get_output_pin
 .text          0x0000000020000a38      0x260 ../../bsp/libbsp.a(dev.o)
                0x0000000020000a38                register_dev
                0x0000000020000b28                get_dev
                0x0000000020000b54                find_dev
                0x0000000020000bb4                get_fd
                0x0000000020000c04                release_fd
                0x0000000020000c24                redirect_fd
 .text          0x0000000020000c98        0xc ../../bsp/libg.a(lib_a-errno.o)
                0x0000000020000c98                __errno
 .text          0x0000000020000ca4        0x0 ../../bsp/libg.a(lib_a-impure.o)
 .text          0x0000000020000ca4       0x48 ../../bsp/libg.a(lib_a-iprintf.o)
                0x0000000020000ca4                iprintf
                0x0000000020000ccc                _iprintf_r
 .text          0x0000000020000cec       0x60 ../../bsp/libg.a(lib_a-memcmp.o)
                0x0000000020000cec                memcmp
 *fill*         0x0000000020000d4c       0x34 
 .text          0x0000000020000d80       0xdc ../../bsp/libg.a(lib_a-strlen.o)
                0x0000000020000d80                strlen
 .text          0x0000000020000e5c      0xc0c ../../bsp/libg.a(lib_a-vfiprintf.o)
                0x0000000020000ed4                __sprint_r
                0x0000000020000ee8                _vfiprintf_r
                0x00000000200019e4                vfiprintf
 .text          0x0000000020001a68       0xd0 ../../bsp/libg.a(lib_a-wsetup.o)
                0x0000000020001a68                __swsetup_r
 .text          0x0000000020001b38      0x180 ../../bsp/libg.a(lib_a-fflush.o)
                0x0000000020001b38                __sflush_r
                0x0000000020001c68                _fflush_r
                0x0000000020001c94                fflush
 .text          0x0000000020001cb8      0x1f0 ../../bsp/libg.a(lib_a-findfp.o)
                0x0000000020001cbc                _cleanup_r
                0x0000000020001da0                __sfmoreglue
                0x0000000020001dd0                __sfp
                0x0000000020001e54                _cleanup
                0x0000000020001e68                __sinit
                0x0000000020001e70                __sfp_lock_acquire
                0x0000000020001e74                __sfp_lock_release
                0x0000000020001e78                __sinit_lock_acquire
                0x0000000020001e7c                __sinit_lock_release
                0x0000000020001e80                __fp_lock_all
                0x0000000020001e94                __fp_unlock_all
 .text          0x0000000020001ea8      0x10c ../../bsp/libg.a(lib_a-fputwc.o)
                0x0000000020001ea8                __fputwc
                0x0000000020001f50                _fputwc_r
                0x0000000020001f74                fputwc
 .text          0x0000000020001fb4      0x2a8 ../../bsp/libg.a(lib_a-freer.o)
                0x0000000020001fb4                _malloc_trim_r
                0x0000000020002054                _free_r
 .text          0x000000002000225c      0x2e0 ../../bsp/libg.a(lib_a-fvwrite.o)
                0x000000002000225c                __sfvwrite_r
 .text          0x000000002000253c       0x88 ../../bsp/libg.a(lib_a-fwalk.o)
                0x000000002000253c                _fwalk
                0x000000002000257c                _fwalk_reent
 .text          0x00000000200025c4       0x5c ../../bsp/libg.a(lib_a-locale.o)
                0x00000000200025c4                _setlocale_r
                0x0000000020002604                __locale_mb_cur_max
                0x0000000020002610                setlocale
 .text          0x0000000020002620       0xf4 ../../bsp/libg.a(lib_a-makebuf.o)
                0x0000000020002620                __swhatbuf_r
                0x000000002000267c                __smakebuf_r
 .text          0x0000000020002714      0x570 ../../bsp/libg.a(lib_a-mallocr.o)
                0x0000000020002714                _malloc_r
 .text          0x0000000020002c84       0x40 ../../bsp/libg.a(lib_a-mbtowc_r.o)
                0x0000000020002c84                _mbtowc_r
                0x0000000020002c98                __ascii_mbtowc
 *fill*         0x0000000020002cc4        0xc 
 .text          0x0000000020002cd0       0xa0 ../../bsp/libg.a(lib_a-memchr.o)
                0x0000000020002cd0                memchr
 .text          0x0000000020002d70      0x134 ../../bsp/libg.a(lib_a-memcpy.o)
                0x0000000020002d70                memcpy
 .text          0x0000000020002ea4       0xd8 ../../bsp/libg.a(lib_a-memmove.o)
                0x0000000020002ea4                memmove
 .text          0x0000000020002f7c       0xa0 ../../bsp/libg.a(lib_a-memset.o)
                0x0000000020002f7c                memset
 .text          0x000000002000301c        0x8 ../../bsp/libg.a(lib_a-mlock.o)
                0x000000002000301c                __malloc_lock
                0x0000000020003020                __malloc_unlock
 .text          0x0000000020003024      0x3e0 ../../bsp/libg.a(lib_a-reallocr.o)
                0x0000000020003024                _realloc_r
 .text          0x0000000020003404       0x24 ../../bsp/libg.a(lib_a-sbrkr.o)
                0x0000000020003404                _sbrk_r
 .text          0x0000000020003428       0x90 ../../bsp/libg.a(lib_a-stdio.o)
                0x0000000020003428                __sread
                0x000000002000344c                __seofread
                0x0000000020003450                __swrite
                0x0000000020003490                __sseek
                0x00000000200034b0                __sclose
 *fill*         0x00000000200034b8        0x8 
 .text          0x00000000200034c0      0x2dc ../../bsp/libg.a(lib_a-strcmp.o)
                0x00000000200034c8                strcmp
 .text          0x000000002000379c       0xc0 ../../bsp/libg.a(lib_a-wbuf.o)
                0x000000002000379c                __swbuf_r
                0x000000002000384c                __swbuf
 .text          0x000000002000385c       0x88 ../../bsp/libg.a(lib_a-wcrtomb.o)
                0x000000002000385c                _wcrtomb_r
                0x0000000020003898                wcrtomb
 .text          0x00000000200038e4       0x30 ../../bsp/libg.a(lib_a-wctomb_r.o)
                0x00000000200038e4                _wctomb_r
                0x00000000200038f8                __ascii_wctomb
 .text          0x0000000020003914       0x2c ../../bsp/libg.a(lib_a-writer.o)
                0x0000000020003914                _write_r
 .text          0x0000000020003940       0x24 ../../bsp/libg.a(lib_a-closer.o)
                0x0000000020003940                _close_r
 .text          0x0000000020003964        0x0 ../../bsp/libg.a(lib_a-ctype_.o)
 .text          0x0000000020003964       0x98 ../../bsp/libg.a(lib_a-fclose.o)
                0x0000000020003964                _fclose_r
                0x00000000200039ec                fclose
 .text          0x00000000200039fc       0x2c ../../bsp/libg.a(lib_a-fstatr.o)
                0x00000000200039fc                _fstat_r
 .text          0x0000000020003a28       0x24 ../../bsp/libg.a(lib_a-isattyr.o)
                0x0000000020003a28                _isatty_r
 .text          0x0000000020003a4c       0x2c ../../bsp/libg.a(lib_a-lseekr.o)
                0x0000000020003a4c                _lseek_r
 .text          0x0000000020003a78       0x2c ../../bsp/libg.a(lib_a-readr.o)
                0x0000000020003a78                _read_r
 .text          0x0000000020003aa4       0xa0 ../../bsp/libg.a(lib_a-reent.o)
                0x0000000020003aa4                cleanup_glue
                0x0000000020003ac0                _reclaim_reent
 .text          0x0000000020003b44      0x250 ../../bsp/libbsp.a(syscalls.o)
                0x0000000020003b44                _open
                0x0000000020003ba0                _close
                0x0000000020003be6                _read
                0x0000000020003c28                _write
                0x0000000020003c6a                _lseek
                0x0000000020003cac                _isatty
                0x0000000020003ce6                _fstat
                0x0000000020003d2c                _sbrk
 .text          0x0000000020003d94       0xfc ../../bsp/libbsp.a(excep.o)
                0x0000000020003d94                excep_disable_faultmask
                0x0000000020003dae                excep_enable_faultmask
                0x0000000020003dc6                excep_disable_primask
                0x0000000020003de0                excep_enable_primask
                0x0000000020003df8                excep_set_handler
                0x0000000020003e1c                excep_get_handler
                0x0000000020003e3c                excep_set_priority
                0x0000000020003e68                excep_get_priority
 *(.init)
 *(.fini)
                0x0000000020003e90                _etext = .

.glue_7         0x0000000020003e90        0x0
 .glue_7        0x0000000020003e90        0x0 linker stubs

.glue_7t        0x0000000020003e90        0x0
 .glue_7t       0x0000000020003e90        0x0 linker stubs

.vfp11_veneer   0x0000000020003e90        0x0
 .vfp11_veneer  0x0000000020003e90        0x0 linker stubs

.v4_bx          0x0000000020003e90        0x0
 .v4_bx         0x0000000020003e90        0x0 linker stubs

.iplt           0x0000000020003e90        0x0
 .iplt          0x0000000020003e90        0x0 main.o

.rodata         0x0000000020003e90      0x1d8
                0x0000000020003e90                _rodata_start = .
 *(.rodata*)
 .rodata        0x0000000020003e90        0xd main.o
 *fill*         0x0000000020003e9d        0x3 
 .rodata        0x0000000020003ea0        0xc ../../bsp/libbsp.a(bsp_init.o)
 .rodata        0x0000000020003eac       0x24 ../../bsp/libbsp.a(usart.o)
 .rodata        0x0000000020003ed0       0x20 ../../bsp/libbsp.a(gpio.o)
 .rodata        0x0000000020003ef0        0xa ../../bsp/libbsp.a(dev.o)
 *fill*         0x0000000020003efa        0x2 
 .rodata        0x0000000020003efc        0x4 ../../bsp/libg.a(lib_a-impure.o)
                0x0000000020003efc                _global_impure_ptr
 .rodata.str1.4
                0x0000000020003f00       0x2f ../../bsp/libg.a(lib_a-vfiprintf.o)
 *fill*         0x0000000020003f2f        0x1 
 .rodata        0x0000000020003f30       0x20 ../../bsp/libg.a(lib_a-vfiprintf.o)
 .rodata.str1.4
                0x0000000020003f50       0x10 ../../bsp/libg.a(lib_a-locale.o)
                                         0x12 (size before relaxing)
 .rodata        0x0000000020003f60      0x101 ../../bsp/libg.a(lib_a-ctype_.o)
                0x0000000020003f60                _ctype_
 *fill*         0x0000000020004061        0x3 
 .rodata        0x0000000020004064        0x4 ../../bsp/libbsp.a(excep.o)
                0x0000000020004068                _rodata_end = .

.rel.dyn        0x0000000020004068        0x0
 .rel.iplt      0x0000000020004068        0x0 main.o

.data           0x0000000020004068      0xc38
                0x0000000020004068                _data_start = .
 *(.data*)
 .data          0x0000000020004068        0x0 main.o
 .data          0x0000000020004068        0x0 ../../bsp/libbsp.a(crt0.o)
 .data          0x0000000020004068        0x0 ../../bsp/libbsp.a(bsp_init.o)
 .data          0x0000000020004068        0x0 ../../bsp/libbsp.a(usart.o)
 .data          0x0000000020004068        0x0 ../../bsp/libbsp.a(gpio.o)
 .data          0x0000000020004068      0x284 ../../bsp/libbsp.a(dev.o)
 .data          0x00000000200042ec        0x0 ../../bsp/libg.a(lib_a-errno.o)
 *fill*         0x00000000200042ec        0x4 
 .data          0x00000000200042f0      0x430 ../../bsp/libg.a(lib_a-impure.o)
                0x00000000200042f0                _impure_ptr
 .data          0x0000000020004720        0x0 ../../bsp/libg.a(lib_a-iprintf.o)
 .data          0x0000000020004720        0x0 ../../bsp/libg.a(lib_a-memcmp.o)
 .data          0x0000000020004720        0x0 ../../bsp/libg.a(lib_a-strlen.o)
 .data          0x0000000020004720        0x0 ../../bsp/libg.a(lib_a-vfiprintf.o)
 .data          0x0000000020004720        0x0 ../../bsp/libg.a(lib_a-wsetup.o)
 .data          0x0000000020004720        0x0 ../../bsp/libg.a(lib_a-fflush.o)
 .data          0x0000000020004720        0x0 ../../bsp/libg.a(lib_a-findfp.o)
 .data          0x0000000020004720        0x0 ../../bsp/libg.a(lib_a-fputwc.o)
 .data          0x0000000020004720        0x0 ../../bsp/libg.a(lib_a-freer.o)
 .data          0x0000000020004720        0x0 ../../bsp/libg.a(lib_a-fvwrite.o)
 .data          0x0000000020004720        0x0 ../../bsp/libg.a(lib_a-fwalk.o)
 .data          0x0000000020004720      0x16c ../../bsp/libg.a(lib_a-locale.o)
                0x0000000020004720                __global_locale
 .data          0x000000002000488c        0x0 ../../bsp/libg.a(lib_a-makebuf.o)
 .data          0x000000002000488c      0x410 ../../bsp/libg.a(lib_a-mallocr.o)
                0x000000002000488c                __malloc_av_
                0x0000000020004c94                __malloc_sbrk_base
                0x0000000020004c98                __malloc_trim_threshold
 .data          0x0000000020004c9c        0x0 ../../bsp/libg.a(lib_a-mbtowc_r.o)
 .data          0x0000000020004c9c        0x0 ../../bsp/libg.a(lib_a-memchr.o)
 .data          0x0000000020004c9c        0x0 ../../bsp/libg.a(lib_a-memcpy.o)
 .data          0x0000000020004c9c        0x0 ../../bsp/libg.a(lib_a-memmove.o)
 .data          0x0000000020004c9c        0x0 ../../bsp/libg.a(lib_a-memset.o)
 .data          0x0000000020004c9c        0x0 ../../bsp/libg.a(lib_a-mlock.o)
 .data          0x0000000020004c9c        0x0 ../../bsp/libg.a(lib_a-reallocr.o)
 .data          0x0000000020004c9c        0x0 ../../bsp/libg.a(lib_a-sbrkr.o)
 .data          0x0000000020004c9c        0x0 ../../bsp/libg.a(lib_a-stdio.o)
 .data          0x0000000020004c9c        0x0 ../../bsp/libg.a(lib_a-strcmp.o)
 .data          0x0000000020004c9c        0x0 ../../bsp/libg.a(lib_a-wbuf.o)
 .data          0x0000000020004c9c        0x0 ../../bsp/libg.a(lib_a-wcrtomb.o)
 .data          0x0000000020004c9c        0x0 ../../bsp/libg.a(lib_a-wctomb_r.o)
 .data          0x0000000020004c9c        0x0 ../../bsp/libg.a(lib_a-writer.o)
 .data          0x0000000020004c9c        0x0 ../../bsp/libg.a(lib_a-closer.o)
 .data          0x0000000020004c9c        0x0 ../../bsp/libg.a(lib_a-ctype_.o)
 .data          0x0000000020004c9c        0x0 ../../bsp/libg.a(lib_a-fclose.o)
 .data          0x0000000020004c9c        0x0 ../../bsp/libg.a(lib_a-fstatr.o)
 .data          0x0000000020004c9c        0x0 ../../bsp/libg.a(lib_a-isattyr.o)
 .data          0x0000000020004c9c        0x0 ../../bsp/libg.a(lib_a-lseekr.o)
 .data          0x0000000020004c9c        0x0 ../../bsp/libg.a(lib_a-readr.o)
 .data          0x0000000020004c9c        0x0 ../../bsp/libg.a(lib_a-reent.o)
 .data          0x0000000020004c9c        0x4 ../../bsp/libbsp.a(syscalls.o)
 .data          0x0000000020004ca0        0x0 ../../bsp/libbsp.a(excep.o)
                0x0000000020004ca0                _data_end = .

.igot.plt       0x0000000020004ca0        0x0
 .igot.plt      0x0000000020004ca0        0x0 main.o

.bss            0x0000000020004ca0       0x3c
                0x0000000020004ca0                _bss_start = .
 *(.bss*)
 .bss           0x0000000020004ca0        0x0 main.o
 .bss           0x0000000020004ca0        0x0 ../../bsp/libbsp.a(crt0.o)
 .bss           0x0000000020004ca0        0x0 ../../bsp/libbsp.a(bsp_init.o)
 .bss           0x0000000020004ca0        0x0 ../../bsp/libbsp.a(usart.o)
 .bss           0x0000000020004ca0        0x0 ../../bsp/libbsp.a(gpio.o)
 .bss           0x0000000020004ca0        0x0 ../../bsp/libbsp.a(dev.o)
 .bss           0x0000000020004ca0        0x0 ../../bsp/libg.a(lib_a-errno.o)
 .bss           0x0000000020004ca0        0x0 ../../bsp/libg.a(lib_a-impure.o)
 .bss           0x0000000020004ca0        0x0 ../../bsp/libg.a(lib_a-iprintf.o)
 .bss           0x0000000020004ca0        0x0 ../../bsp/libg.a(lib_a-memcmp.o)
 .bss           0x0000000020004ca0        0x0 ../../bsp/libg.a(lib_a-strlen.o)
 .bss           0x0000000020004ca0        0x0 ../../bsp/libg.a(lib_a-vfiprintf.o)
 .bss           0x0000000020004ca0        0x0 ../../bsp/libg.a(lib_a-wsetup.o)
 .bss           0x0000000020004ca0        0x0 ../../bsp/libg.a(lib_a-fflush.o)
 .bss           0x0000000020004ca0        0x0 ../../bsp/libg.a(lib_a-findfp.o)
 .bss           0x0000000020004ca0        0x0 ../../bsp/libg.a(lib_a-fputwc.o)
 .bss           0x0000000020004ca0        0x0 ../../bsp/libg.a(lib_a-freer.o)
 .bss           0x0000000020004ca0        0x0 ../../bsp/libg.a(lib_a-fvwrite.o)
 .bss           0x0000000020004ca0        0x0 ../../bsp/libg.a(lib_a-fwalk.o)
 .bss           0x0000000020004ca0        0x4 ../../bsp/libg.a(lib_a-locale.o)
                0x0000000020004ca0                _PathLocale
 .bss           0x0000000020004ca4        0x0 ../../bsp/libg.a(lib_a-makebuf.o)
 .bss           0x0000000020004ca4       0x34 ../../bsp/libg.a(lib_a-mallocr.o)
                0x0000000020004ca4                __malloc_top_pad
                0x0000000020004ca8                __malloc_current_mallinfo
                0x0000000020004cd0                __malloc_max_sbrked_mem
                0x0000000020004cd4                __malloc_max_total_mem
 .bss           0x0000000020004cd8        0x0 ../../bsp/libg.a(lib_a-mbtowc_r.o)
 .bss           0x0000000020004cd8        0x0 ../../bsp/libg.a(lib_a-memchr.o)
 .bss           0x0000000020004cd8        0x0 ../../bsp/libg.a(lib_a-memcpy.o)
 .bss           0x0000000020004cd8        0x0 ../../bsp/libg.a(lib_a-memmove.o)
 .bss           0x0000000020004cd8        0x0 ../../bsp/libg.a(lib_a-memset.o)
 .bss           0x0000000020004cd8        0x0 ../../bsp/libg.a(lib_a-mlock.o)
 .bss           0x0000000020004cd8        0x0 ../../bsp/libg.a(lib_a-reallocr.o)
 .bss           0x0000000020004cd8        0x0 ../../bsp/libg.a(lib_a-sbrkr.o)
 .bss           0x0000000020004cd8        0x0 ../../bsp/libg.a(lib_a-stdio.o)
 .bss           0x0000000020004cd8        0x0 ../../bsp/libg.a(lib_a-strcmp.o)
 .bss           0x0000000020004cd8        0x0 ../../bsp/libg.a(lib_a-wbuf.o)
 .bss           0x0000000020004cd8        0x0 ../../bsp/libg.a(lib_a-wcrtomb.o)
 .bss           0x0000000020004cd8        0x0 ../../bsp/libg.a(lib_a-wctomb_r.o)
 .bss           0x0000000020004cd8        0x0 ../../bsp/libg.a(lib_a-writer.o)
 .bss           0x0000000020004cd8        0x0 ../../bsp/libg.a(lib_a-closer.o)
 .bss           0x0000000020004cd8        0x0 ../../bsp/libg.a(lib_a-ctype_.o)
 .bss           0x0000000020004cd8        0x0 ../../bsp/libg.a(lib_a-fclose.o)
 .bss           0x0000000020004cd8        0x0 ../../bsp/libg.a(lib_a-fstatr.o)
 .bss           0x0000000020004cd8        0x0 ../../bsp/libg.a(lib_a-isattyr.o)
 .bss           0x0000000020004cd8        0x0 ../../bsp/libg.a(lib_a-lseekr.o)
 .bss           0x0000000020004cd8        0x0 ../../bsp/libg.a(lib_a-readr.o)
 .bss           0x0000000020004cd8        0x0 ../../bsp/libg.a(lib_a-reent.o)
 .bss           0x0000000020004cd8        0x0 ../../bsp/libbsp.a(syscalls.o)
 .bss           0x0000000020004cd8        0x0 ../../bsp/libbsp.a(excep.o)
                0x0000000020004cd8                _bss_end = .
 COMMON         0x0000000020004cd8        0x4 ../../bsp/libg.a(lib_a-reent.o)
                0x0000000020004cd8                errno

.heap           0x0000000020004cdc     0xb328
                0x0000000020004cdc                _heap_start = .
                0x0000000020010004                . = (. + _heap_size)
 *fill*         0x0000000020004cdc     0xb328 
                0x0000000020010004                _heap_end = .

.stack          0x0000000020010000    0x10000
                0x0000000020010000                _stack_bottom = .
                0x0000000020020000                . = (. + _stack_size)
 *fill*         0x0000000020010000    0x10000 
                0x0000000020020000                _stack_top = .

.ARM.attributes
                0x0000000000000000       0x33
 *(.ARM.attributes)
 .ARM.attributes
                0x0000000000000000       0x35 main.o
 .ARM.attributes
                0x0000000000000035       0x21 ../../bsp/libbsp.a(crt0.o)
 .ARM.attributes
                0x0000000000000056       0x33 ../../bsp/libbsp.a(bsp_init.o)
 .ARM.attributes
                0x0000000000000089       0x33 ../../bsp/libbsp.a(usart.o)
 .ARM.attributes
                0x00000000000000bc       0x33 ../../bsp/libbsp.a(gpio.o)
 .ARM.attributes
                0x00000000000000ef       0x33 ../../bsp/libbsp.a(dev.o)
 .ARM.attributes
                0x0000000000000122       0x2e ../../bsp/libg.a(lib_a-errno.o)
 .ARM.attributes
                0x0000000000000150       0x2e ../../bsp/libg.a(lib_a-impure.o)
 .ARM.attributes
                0x000000000000017e       0x2e ../../bsp/libg.a(lib_a-iprintf.o)
 .ARM.attributes
                0x00000000000001ac       0x2e ../../bsp/libg.a(lib_a-memcmp.o)
 .ARM.attributes
                0x00000000000001da       0x1c ../../bsp/libg.a(lib_a-strlen.o)
 .ARM.attributes
                0x00000000000001f6       0x2e ../../bsp/libg.a(lib_a-vfiprintf.o)
 .ARM.attributes
                0x0000000000000224       0x2e ../../bsp/libg.a(lib_a-wsetup.o)
 .ARM.attributes
                0x0000000000000252       0x2e ../../bsp/libg.a(lib_a-fflush.o)
 .ARM.attributes
                0x0000000000000280       0x2e ../../bsp/libg.a(lib_a-findfp.o)
 .ARM.attributes
                0x00000000000002ae       0x2e ../../bsp/libg.a(lib_a-fputwc.o)
 .ARM.attributes
                0x00000000000002dc       0x2e ../../bsp/libg.a(lib_a-freer.o)
 .ARM.attributes
                0x000000000000030a       0x2e ../../bsp/libg.a(lib_a-fvwrite.o)
 .ARM.attributes
                0x0000000000000338       0x2e ../../bsp/libg.a(lib_a-fwalk.o)
 .ARM.attributes
                0x0000000000000366       0x2e ../../bsp/libg.a(lib_a-locale.o)
 .ARM.attributes
                0x0000000000000394       0x2e ../../bsp/libg.a(lib_a-makebuf.o)
 .ARM.attributes
                0x00000000000003c2       0x2e ../../bsp/libg.a(lib_a-mallocr.o)
 .ARM.attributes
                0x00000000000003f0       0x2e ../../bsp/libg.a(lib_a-mbtowc_r.o)
 .ARM.attributes
                0x000000000000041e       0x1c ../../bsp/libg.a(lib_a-memchr.o)
 .ARM.attributes
                0x000000000000043a       0x1c ../../bsp/libg.a(lib_a-memcpy.o)
 .ARM.attributes
                0x0000000000000456       0x2e ../../bsp/libg.a(lib_a-memmove.o)
 .ARM.attributes
                0x0000000000000484       0x2e ../../bsp/libg.a(lib_a-memset.o)
 .ARM.attributes
                0x00000000000004b2       0x2e ../../bsp/libg.a(lib_a-mlock.o)
 .ARM.attributes
                0x00000000000004e0       0x2e ../../bsp/libg.a(lib_a-reallocr.o)
 .ARM.attributes
                0x000000000000050e       0x2e ../../bsp/libg.a(lib_a-sbrkr.o)
 .ARM.attributes
                0x000000000000053c       0x2e ../../bsp/libg.a(lib_a-stdio.o)
 .ARM.attributes
                0x000000000000056a       0x1c ../../bsp/libg.a(lib_a-strcmp.o)
 .ARM.attributes
                0x0000000000000586       0x2e ../../bsp/libg.a(lib_a-wbuf.o)
 .ARM.attributes
                0x00000000000005b4       0x2e ../../bsp/libg.a(lib_a-wcrtomb.o)
 .ARM.attributes
                0x00000000000005e2       0x2e ../../bsp/libg.a(lib_a-wctomb_r.o)
 .ARM.attributes
                0x0000000000000610       0x2e ../../bsp/libg.a(lib_a-writer.o)
 .ARM.attributes
                0x000000000000063e       0x2e ../../bsp/libg.a(lib_a-closer.o)
 .ARM.attributes
                0x000000000000066c       0x2e ../../bsp/libg.a(lib_a-ctype_.o)
 .ARM.attributes
                0x000000000000069a       0x2e ../../bsp/libg.a(lib_a-fclose.o)
 .ARM.attributes
                0x00000000000006c8       0x2e ../../bsp/libg.a(lib_a-fstatr.o)
 .ARM.attributes
                0x00000000000006f6       0x2e ../../bsp/libg.a(lib_a-isattyr.o)
 .ARM.attributes
                0x0000000000000724       0x2e ../../bsp/libg.a(lib_a-lseekr.o)
 .ARM.attributes
                0x0000000000000752       0x2e ../../bsp/libg.a(lib_a-readr.o)
 .ARM.attributes
                0x0000000000000780       0x2e ../../bsp/libg.a(lib_a-reent.o)
 .ARM.attributes
                0x00000000000007ae       0x33 ../../bsp/libbsp.a(syscalls.o)
 .ARM.attributes
                0x00000000000007e1       0x33 ../../bsp/libbsp.a(excep.o)
LOAD main.o
LOAD ../../bsp/libbsp.a
LOAD ../../bsp/libg.a
LOAD /usr/lib/gcc/arm-none-eabi/6.3.1/libgcc.a
LOAD ../../bsp/libbsp.a
OUTPUT(main.elf elf32-littlearm)

.debug_info     0x0000000000000000    0x22e7e
 .debug_info    0x0000000000000000      0xcd7 main.o
 .debug_info    0x0000000000000cd7       0x5f ../../bsp/libbsp.a(crt0.o)
 .debug_info    0x0000000000000d36      0x974 ../../bsp/libbsp.a(bsp_init.o)
 .debug_info    0x00000000000016aa     0x145b ../../bsp/libbsp.a(usart.o)
 .debug_info    0x0000000000002b05     0x102e ../../bsp/libbsp.a(gpio.o)
 .debug_info    0x0000000000003b33      0xe08 ../../bsp/libbsp.a(dev.o)
 .debug_info    0x000000000000493b      0x953 ../../bsp/libg.a(lib_a-errno.o)
 .debug_info    0x000000000000528e      0x92a ../../bsp/libg.a(lib_a-impure.o)
 .debug_info    0x0000000000005bb8      0xc31 ../../bsp/libg.a(lib_a-iprintf.o)
 .debug_info    0x00000000000067e9      0x9c2 ../../bsp/libg.a(lib_a-memcmp.o)
 .debug_info    0x00000000000071ab       0x26 ../../bsp/libg.a(lib_a-strlen.o)
 .debug_info    0x00000000000071d1     0x1e83 ../../bsp/libg.a(lib_a-vfiprintf.o)
 .debug_info    0x0000000000009054      0xbf3 ../../bsp/libg.a(lib_a-wsetup.o)
 .debug_info    0x0000000000009c47      0xd7a ../../bsp/libg.a(lib_a-fflush.o)
 .debug_info    0x000000000000a9c1     0x1143 ../../bsp/libg.a(lib_a-findfp.o)
 .debug_info    0x000000000000bb04      0xe4a ../../bsp/libg.a(lib_a-fputwc.o)
 .debug_info    0x000000000000c94e      0xdc4 ../../bsp/libg.a(lib_a-freer.o)
 .debug_info    0x000000000000d712      0xf01 ../../bsp/libg.a(lib_a-fvwrite.o)
 .debug_info    0x000000000000e613      0xca4 ../../bsp/libg.a(lib_a-fwalk.o)
 .debug_info    0x000000000000f2b7     0x10ca ../../bsp/libg.a(lib_a-locale.o)
 .debug_info    0x0000000000010381      0xf63 ../../bsp/libg.a(lib_a-makebuf.o)
 .debug_info    0x00000000000112e4      0xf41 ../../bsp/libg.a(lib_a-mallocr.o)
 .debug_info    0x0000000000012225     0x1044 ../../bsp/libg.a(lib_a-mbtowc_r.o)
 .debug_info    0x0000000000013269       0x26 ../../bsp/libg.a(lib_a-memchr.o)
 .debug_info    0x000000000001328f       0x26 ../../bsp/libg.a(lib_a-memcpy.o)
 .debug_info    0x00000000000132b5      0xf2b ../../bsp/libg.a(lib_a-memmove.o)
 .debug_info    0x00000000000141e0      0xf1b ../../bsp/libg.a(lib_a-memset.o)
 .debug_info    0x00000000000150fb      0x961 ../../bsp/libg.a(lib_a-mlock.o)
 .debug_info    0x0000000000015a5c      0xf2c ../../bsp/libg.a(lib_a-reallocr.o)
 .debug_info    0x0000000000016988      0x9fb ../../bsp/libg.a(lib_a-sbrkr.o)
 .debug_info    0x0000000000017383      0xe67 ../../bsp/libg.a(lib_a-stdio.o)
 .debug_info    0x00000000000181ea       0x26 ../../bsp/libg.a(lib_a-strcmp.o)
 .debug_info    0x0000000000018210      0xc90 ../../bsp/libg.a(lib_a-wbuf.o)
 .debug_info    0x0000000000018ea0     0x10b9 ../../bsp/libg.a(lib_a-wcrtomb.o)
 .debug_info    0x0000000000019f59      0xffd ../../bsp/libg.a(lib_a-wctomb_r.o)
 .debug_info    0x000000000001af56      0xa2d ../../bsp/libg.a(lib_a-writer.o)
 .debug_info    0x000000000001b983      0x9d8 ../../bsp/libg.a(lib_a-closer.o)
 .debug_info    0x000000000001c35b      0xe91 ../../bsp/libg.a(lib_a-ctype_.o)
 .debug_info    0x000000000001d1ec      0xcd9 ../../bsp/libg.a(lib_a-fclose.o)
 .debug_info    0x000000000001dec5      0xc24 ../../bsp/libg.a(lib_a-fstatr.o)
 .debug_info    0x000000000001eae9      0x9d8 ../../bsp/libg.a(lib_a-isattyr.o)
 .debug_info    0x000000000001f4c1      0xa0e ../../bsp/libg.a(lib_a-lseekr.o)
 .debug_info    0x000000000001fecf      0xa26 ../../bsp/libg.a(lib_a-readr.o)
 .debug_info    0x00000000000208f5      0xac5 ../../bsp/libg.a(lib_a-reent.o)
 .debug_info    0x00000000000213ba      0xe24 ../../bsp/libbsp.a(syscalls.o)
 .debug_info    0x00000000000221de      0xca0 ../../bsp/libbsp.a(excep.o)

.debug_abbrev   0x0000000000000000     0x675d
 .debug_abbrev  0x0000000000000000      0x23e main.o
 .debug_abbrev  0x000000000000023e       0x14 ../../bsp/libbsp.a(crt0.o)
 .debug_abbrev  0x0000000000000252      0x1d5 ../../bsp/libbsp.a(bsp_init.o)
 .debug_abbrev  0x0000000000000427      0x2c7 ../../bsp/libbsp.a(usart.o)
 .debug_abbrev  0x00000000000006ee      0x248 ../../bsp/libbsp.a(gpio.o)
 .debug_abbrev  0x0000000000000936      0x25f ../../bsp/libbsp.a(dev.o)
 .debug_abbrev  0x0000000000000b95      0x1d6 ../../bsp/libg.a(lib_a-errno.o)
 .debug_abbrev  0x0000000000000d6b      0x1b8 ../../bsp/libg.a(lib_a-impure.o)
 .debug_abbrev  0x0000000000000f23      0x28d ../../bsp/libg.a(lib_a-iprintf.o)
 .debug_abbrev  0x00000000000011b0      0x1ed ../../bsp/libg.a(lib_a-memcmp.o)
 .debug_abbrev  0x000000000000139d       0x14 ../../bsp/libg.a(lib_a-strlen.o)
 .debug_abbrev  0x00000000000013b1      0x452 ../../bsp/libg.a(lib_a-vfiprintf.o)
 .debug_abbrev  0x0000000000001803      0x283 ../../bsp/libg.a(lib_a-wsetup.o)
 .debug_abbrev  0x0000000000001a86      0x322 ../../bsp/libg.a(lib_a-fflush.o)
 .debug_abbrev  0x0000000000001da8      0x425 ../../bsp/libg.a(lib_a-findfp.o)
 .debug_abbrev  0x00000000000021cd      0x38c ../../bsp/libg.a(lib_a-fputwc.o)
 .debug_abbrev  0x0000000000002559      0x2c9 ../../bsp/libg.a(lib_a-freer.o)
 .debug_abbrev  0x0000000000002822      0x2ae ../../bsp/libg.a(lib_a-fvwrite.o)
 .debug_abbrev  0x0000000000002ad0      0x24e ../../bsp/libg.a(lib_a-fwalk.o)
 .debug_abbrev  0x0000000000002d1e      0x2e8 ../../bsp/libg.a(lib_a-locale.o)
 .debug_abbrev  0x0000000000003006      0x334 ../../bsp/libg.a(lib_a-makebuf.o)
 .debug_abbrev  0x000000000000333a      0x321 ../../bsp/libg.a(lib_a-mallocr.o)
 .debug_abbrev  0x000000000000365b      0x25f ../../bsp/libg.a(lib_a-mbtowc_r.o)
 .debug_abbrev  0x00000000000038ba       0x14 ../../bsp/libg.a(lib_a-memchr.o)
 .debug_abbrev  0x00000000000038ce       0x14 ../../bsp/libg.a(lib_a-memcpy.o)
 .debug_abbrev  0x00000000000038e2      0x21c ../../bsp/libg.a(lib_a-memmove.o)
 .debug_abbrev  0x0000000000003afe      0x217 ../../bsp/libg.a(lib_a-memset.o)
 .debug_abbrev  0x0000000000003d15      0x203 ../../bsp/libg.a(lib_a-mlock.o)
 .debug_abbrev  0x0000000000003f18      0x28d ../../bsp/libg.a(lib_a-reallocr.o)
 .debug_abbrev  0x00000000000041a5      0x250 ../../bsp/libg.a(lib_a-sbrkr.o)
 .debug_abbrev  0x00000000000043f5      0x2ad ../../bsp/libg.a(lib_a-stdio.o)
 .debug_abbrev  0x00000000000046a2       0x14 ../../bsp/libg.a(lib_a-strcmp.o)
 .debug_abbrev  0x00000000000046b6      0x2c3 ../../bsp/libg.a(lib_a-wbuf.o)
 .debug_abbrev  0x0000000000004979      0x259 ../../bsp/libg.a(lib_a-wcrtomb.o)
 .debug_abbrev  0x0000000000004bd2      0x269 ../../bsp/libg.a(lib_a-wctomb_r.o)
 .debug_abbrev  0x0000000000004e3b      0x22a ../../bsp/libg.a(lib_a-writer.o)
 .debug_abbrev  0x0000000000005065      0x225 ../../bsp/libg.a(lib_a-closer.o)
 .debug_abbrev  0x000000000000528a      0x1b6 ../../bsp/libg.a(lib_a-ctype_.o)
 .debug_abbrev  0x0000000000005440      0x329 ../../bsp/libg.a(lib_a-fclose.o)
 .debug_abbrev  0x0000000000005769      0x239 ../../bsp/libg.a(lib_a-fstatr.o)
 .debug_abbrev  0x00000000000059a2      0x225 ../../bsp/libg.a(lib_a-isattyr.o)
 .debug_abbrev  0x0000000000005bc7      0x239 ../../bsp/libg.a(lib_a-lseekr.o)
 .debug_abbrev  0x0000000000005e00      0x225 ../../bsp/libg.a(lib_a-readr.o)
 .debug_abbrev  0x0000000000006025      0x2ba ../../bsp/libg.a(lib_a-reent.o)
 .debug_abbrev  0x00000000000062df      0x206 ../../bsp/libbsp.a(syscalls.o)
 .debug_abbrev  0x00000000000064e5      0x278 ../../bsp/libbsp.a(excep.o)

.debug_aranges  0x0000000000000000      0x5b0
 .debug_aranges
                0x0000000000000000       0x20 main.o
 .debug_aranges
                0x0000000000000020       0x20 ../../bsp/libbsp.a(crt0.o)
 .debug_aranges
                0x0000000000000040       0x20 ../../bsp/libbsp.a(bsp_init.o)
 .debug_aranges
                0x0000000000000060       0x20 ../../bsp/libbsp.a(usart.o)
 .debug_aranges
                0x0000000000000080       0x20 ../../bsp/libbsp.a(gpio.o)
 .debug_aranges
                0x00000000000000a0       0x20 ../../bsp/libbsp.a(dev.o)
 .debug_aranges
                0x00000000000000c0       0x20 ../../bsp/libg.a(lib_a-errno.o)
 .debug_aranges
                0x00000000000000e0       0x18 ../../bsp/libg.a(lib_a-impure.o)
 .debug_aranges
                0x00000000000000f8       0x20 ../../bsp/libg.a(lib_a-iprintf.o)
 .debug_aranges
                0x0000000000000118       0x20 ../../bsp/libg.a(lib_a-memcmp.o)
 .debug_aranges
                0x0000000000000138       0x20 ../../bsp/libg.a(lib_a-strlen.o)
 .debug_aranges
                0x0000000000000158       0x20 ../../bsp/libg.a(lib_a-vfiprintf.o)
 .debug_aranges
                0x0000000000000178       0x20 ../../bsp/libg.a(lib_a-wsetup.o)
 .debug_aranges
                0x0000000000000198       0x20 ../../bsp/libg.a(lib_a-fflush.o)
 .debug_aranges
                0x00000000000001b8       0x20 ../../bsp/libg.a(lib_a-findfp.o)
 .debug_aranges
                0x00000000000001d8       0x20 ../../bsp/libg.a(lib_a-fputwc.o)
 .debug_aranges
                0x00000000000001f8       0x20 ../../bsp/libg.a(lib_a-freer.o)
 .debug_aranges
                0x0000000000000218       0x20 ../../bsp/libg.a(lib_a-fvwrite.o)
 .debug_aranges
                0x0000000000000238       0x20 ../../bsp/libg.a(lib_a-fwalk.o)
 .debug_aranges
                0x0000000000000258       0x20 ../../bsp/libg.a(lib_a-locale.o)
 .debug_aranges
                0x0000000000000278       0x20 ../../bsp/libg.a(lib_a-makebuf.o)
 .debug_aranges
                0x0000000000000298       0x20 ../../bsp/libg.a(lib_a-mallocr.o)
 .debug_aranges
                0x00000000000002b8       0x20 ../../bsp/libg.a(lib_a-mbtowc_r.o)
 .debug_aranges
                0x00000000000002d8       0x20 ../../bsp/libg.a(lib_a-memchr.o)
 .debug_aranges
                0x00000000000002f8       0x20 ../../bsp/libg.a(lib_a-memcpy.o)
 .debug_aranges
                0x0000000000000318       0x20 ../../bsp/libg.a(lib_a-memmove.o)
 .debug_aranges
                0x0000000000000338       0x20 ../../bsp/libg.a(lib_a-memset.o)
 .debug_aranges
                0x0000000000000358       0x20 ../../bsp/libg.a(lib_a-mlock.o)
 .debug_aranges
                0x0000000000000378       0x20 ../../bsp/libg.a(lib_a-reallocr.o)
 .debug_aranges
                0x0000000000000398       0x20 ../../bsp/libg.a(lib_a-sbrkr.o)
 .debug_aranges
                0x00000000000003b8       0x20 ../../bsp/libg.a(lib_a-stdio.o)
 .debug_aranges
                0x00000000000003d8       0x20 ../../bsp/libg.a(lib_a-strcmp.o)
 .debug_aranges
                0x00000000000003f8       0x20 ../../bsp/libg.a(lib_a-wbuf.o)
 .debug_aranges
                0x0000000000000418       0x20 ../../bsp/libg.a(lib_a-wcrtomb.o)
 .debug_aranges
                0x0000000000000438       0x20 ../../bsp/libg.a(lib_a-wctomb_r.o)
 .debug_aranges
                0x0000000000000458       0x20 ../../bsp/libg.a(lib_a-writer.o)
 .debug_aranges
                0x0000000000000478       0x20 ../../bsp/libg.a(lib_a-closer.o)
 .debug_aranges
                0x0000000000000498       0x18 ../../bsp/libg.a(lib_a-ctype_.o)
 .debug_aranges
                0x00000000000004b0       0x20 ../../bsp/libg.a(lib_a-fclose.o)
 .debug_aranges
                0x00000000000004d0       0x20 ../../bsp/libg.a(lib_a-fstatr.o)
 .debug_aranges
                0x00000000000004f0       0x20 ../../bsp/libg.a(lib_a-isattyr.o)
 .debug_aranges
                0x0000000000000510       0x20 ../../bsp/libg.a(lib_a-lseekr.o)
 .debug_aranges
                0x0000000000000530       0x20 ../../bsp/libg.a(lib_a-readr.o)
 .debug_aranges
                0x0000000000000550       0x20 ../../bsp/libg.a(lib_a-reent.o)
 .debug_aranges
                0x0000000000000570       0x20 ../../bsp/libbsp.a(syscalls.o)
 .debug_aranges
                0x0000000000000590       0x20 ../../bsp/libbsp.a(excep.o)

.debug_line     0x0000000000000000     0x7acb
 .debug_line    0x0000000000000000      0x186 main.o
 .debug_line    0x0000000000000186       0x47 ../../bsp/libbsp.a(crt0.o)
 .debug_line    0x00000000000001cd      0x102 ../../bsp/libbsp.a(bsp_init.o)
 .debug_line    0x00000000000002cf      0x1a3 ../../bsp/libbsp.a(usart.o)
 .debug_line    0x0000000000000472      0x15c ../../bsp/libbsp.a(gpio.o)
 .debug_line    0x00000000000005ce      0x1b1 ../../bsp/libbsp.a(dev.o)
 .debug_line    0x000000000000077f      0x102 ../../bsp/libg.a(lib_a-errno.o)
 .debug_line    0x0000000000000881       0xdd ../../bsp/libg.a(lib_a-impure.o)
 .debug_line    0x000000000000095e      0x1ce ../../bsp/libg.a(lib_a-iprintf.o)
 .debug_line    0x0000000000000b2c      0x1c8 ../../bsp/libg.a(lib_a-memcmp.o)
 .debug_line    0x0000000000000cf4       0xaf ../../bsp/libg.a(lib_a-strlen.o)
 .debug_line    0x0000000000000da3     0x11af ../../bsp/libg.a(lib_a-vfiprintf.o)
 .debug_line    0x0000000000001f52      0x2d1 ../../bsp/libg.a(lib_a-wsetup.o)
 .debug_line    0x0000000000002223      0x419 ../../bsp/libg.a(lib_a-fflush.o)
 .debug_line    0x000000000000263c      0x535 ../../bsp/libg.a(lib_a-findfp.o)
 .debug_line    0x0000000000002b71      0x32c ../../bsp/libg.a(lib_a-fputwc.o)
 .debug_line    0x0000000000002e9d      0x54c ../../bsp/libg.a(lib_a-freer.o)
 .debug_line    0x00000000000033e9      0x5d2 ../../bsp/libg.a(lib_a-fvwrite.o)
 .debug_line    0x00000000000039bb      0x2a5 ../../bsp/libg.a(lib_a-fwalk.o)
 .debug_line    0x0000000000003c60      0x24d ../../bsp/libg.a(lib_a-locale.o)
 .debug_line    0x0000000000003ead      0x34a ../../bsp/libg.a(lib_a-makebuf.o)
 .debug_line    0x00000000000041f7      0x88e ../../bsp/libg.a(lib_a-mallocr.o)
 .debug_line    0x0000000000004a85      0x21c ../../bsp/libg.a(lib_a-mbtowc_r.o)
 .debug_line    0x0000000000004ca1       0xa4 ../../bsp/libg.a(lib_a-memchr.o)
 .debug_line    0x0000000000004d45       0xbe ../../bsp/libg.a(lib_a-memcpy.o)
 .debug_line    0x0000000000004e03      0x28b ../../bsp/libg.a(lib_a-memmove.o)
 .debug_line    0x000000000000508e      0x26e ../../bsp/libg.a(lib_a-memset.o)
 .debug_line    0x00000000000052fc      0x131 ../../bsp/libg.a(lib_a-mlock.o)
 .debug_line    0x000000000000542d      0x7be ../../bsp/libg.a(lib_a-reallocr.o)
 .debug_line    0x0000000000005beb      0x176 ../../bsp/libg.a(lib_a-sbrkr.o)
 .debug_line    0x0000000000005d61      0x25c ../../bsp/libg.a(lib_a-stdio.o)
 .debug_line    0x0000000000005fbd      0x137 ../../bsp/libg.a(lib_a-strcmp.o)
 .debug_line    0x00000000000060f4      0x2df ../../bsp/libg.a(lib_a-wbuf.o)
 .debug_line    0x00000000000063d3      0x2b5 ../../bsp/libg.a(lib_a-wcrtomb.o)
 .debug_line    0x0000000000006688      0x206 ../../bsp/libg.a(lib_a-wctomb_r.o)
 .debug_line    0x000000000000688e      0x183 ../../bsp/libg.a(lib_a-writer.o)
 .debug_line    0x0000000000006a11      0x176 ../../bsp/libg.a(lib_a-closer.o)
 .debug_line    0x0000000000006b87      0x148 ../../bsp/libg.a(lib_a-ctype_.o)
 .debug_line    0x0000000000006ccf      0x251 ../../bsp/libg.a(lib_a-fclose.o)
 .debug_line    0x0000000000006f20      0x206 ../../bsp/libg.a(lib_a-fstatr.o)
 .debug_line    0x0000000000007126      0x177 ../../bsp/libg.a(lib_a-isattyr.o)
 .debug_line    0x000000000000729d      0x183 ../../bsp/libg.a(lib_a-lseekr.o)
 .debug_line    0x0000000000007420      0x182 ../../bsp/libg.a(lib_a-readr.o)
 .debug_line    0x00000000000075a2      0x21f ../../bsp/libg.a(lib_a-reent.o)
 .debug_line    0x00000000000077c1      0x1c9 ../../bsp/libbsp.a(syscalls.o)
 .debug_line    0x000000000000798a      0x141 ../../bsp/libbsp.a(excep.o)

.debug_str      0x0000000000000000     0x26bf
 .debug_str     0x0000000000000000      0x61a main.o
                                        0x6be (size before relaxing)
 .debug_str     0x000000000000061a       0xd6 ../../bsp/libbsp.a(bsp_init.o)
                                        0x587 (size before relaxing)
 .debug_str     0x00000000000006f0      0x32d ../../bsp/libbsp.a(usart.o)
                                        0x9ef (size before relaxing)
 .debug_str     0x0000000000000a1d      0x16c ../../bsp/libbsp.a(gpio.o)
                                        0x90e (size before relaxing)
 .debug_str     0x0000000000000b89      0x16b ../../bsp/libbsp.a(dev.o)
                                        0x728 (size before relaxing)
 .debug_str     0x0000000000000cf4      0x11f ../../bsp/libg.a(lib_a-errno.o)
                                        0x5aa (size before relaxing)
 .debug_str     0x0000000000000e13       0x92 ../../bsp/libg.a(lib_a-impure.o)
                                        0x598 (size before relaxing)
 .debug_str     0x0000000000000ea5      0x1c1 ../../bsp/libg.a(lib_a-iprintf.o)
                                        0x70e (size before relaxing)
 .debug_str     0x0000000000001066       0x8f ../../bsp/libg.a(lib_a-memcmp.o)
                                        0x59c (size before relaxing)
 .debug_str     0x00000000000010f5       0xa7 ../../bsp/libg.a(lib_a-strlen.o)
 .debug_str     0x000000000000119c      0x438 ../../bsp/libg.a(lib_a-vfiprintf.o)
                                        0xc12 (size before relaxing)
 .debug_str     0x00000000000015d4       0x48 ../../bsp/libg.a(lib_a-wsetup.o)
                                        0x71c (size before relaxing)
 .debug_str     0x000000000000161c       0x63 ../../bsp/libg.a(lib_a-fflush.o)
                                        0x74a (size before relaxing)
 .debug_str     0x000000000000167f      0x160 ../../bsp/libg.a(lib_a-findfp.o)
                                        0x85a (size before relaxing)
 .debug_str     0x00000000000017df       0x6f ../../bsp/libg.a(lib_a-fputwc.o)
                                        0x762 (size before relaxing)
 .debug_str     0x000000000000184e      0x1f5 ../../bsp/libg.a(lib_a-freer.o)
                                        0x779 (size before relaxing)
 .debug_str     0x0000000000001a43       0x6c ../../bsp/libg.a(lib_a-fvwrite.o)
                                        0x79b (size before relaxing)
 .debug_str     0x0000000000001aaf       0x41 ../../bsp/libg.a(lib_a-fwalk.o)
                                        0x70e (size before relaxing)
 .debug_str     0x0000000000001af0       0xfc ../../bsp/libg.a(lib_a-locale.o)
                                        0x96a (size before relaxing)
 .debug_str     0x0000000000001bec       0x6c ../../bsp/libg.a(lib_a-makebuf.o)
                                        0x88f (size before relaxing)
 .debug_str     0x0000000000001c58       0xb0 ../../bsp/libg.a(lib_a-mallocr.o)
                                        0x800 (size before relaxing)
 .debug_str     0x0000000000001d08       0x55 ../../bsp/libg.a(lib_a-mbtowc_r.o)
                                        0x93b (size before relaxing)
 .debug_str     0x0000000000001d5d       0x3c ../../bsp/libg.a(lib_a-memchr.o)
                                         0xa1 (size before relaxing)
 .debug_str     0x0000000000001d99       0x43 ../../bsp/libg.a(lib_a-memcpy.o)
                                         0xa8 (size before relaxing)
 .debug_str     0x0000000000001ddc       0x5f ../../bsp/libg.a(lib_a-memmove.o)
                                        0x8e4 (size before relaxing)
 .debug_str     0x0000000000001e3b       0x48 ../../bsp/libg.a(lib_a-memset.o)
                                        0x8c5 (size before relaxing)
 .debug_str     0x0000000000001e83       0x4c ../../bsp/libg.a(lib_a-mlock.o)
                                        0x5c4 (size before relaxing)
 .debug_str     0x0000000000001ecf       0x4e ../../bsp/libg.a(lib_a-reallocr.o)
                                        0x7b7 (size before relaxing)
 .debug_str     0x0000000000001f1d       0x47 ../../bsp/libg.a(lib_a-sbrkr.o)
                                        0x5db (size before relaxing)
 .debug_str     0x0000000000001f64       0x92 ../../bsp/libg.a(lib_a-stdio.o)
                                        0x762 (size before relaxing)
 .debug_str     0x0000000000001ff6       0x42 ../../bsp/libg.a(lib_a-strcmp.o)
                                         0xa7 (size before relaxing)
 .debug_str     0x0000000000002038       0x39 ../../bsp/libg.a(lib_a-wbuf.o)
                                        0x721 (size before relaxing)
 .debug_str     0x0000000000002071       0x44 ../../bsp/libg.a(lib_a-wcrtomb.o)
                                        0x935 (size before relaxing)
 .debug_str     0x00000000000020b5       0x56 ../../bsp/libg.a(lib_a-wctomb_r.o)
                                        0x942 (size before relaxing)
 .debug_str     0x000000000000210b       0x33 ../../bsp/libg.a(lib_a-writer.o)
                                        0x5d8 (size before relaxing)
 .debug_str     0x000000000000213e       0x33 ../../bsp/libg.a(lib_a-closer.o)
                                        0x5c8 (size before relaxing)
 .debug_str     0x0000000000002171       0x86 ../../bsp/libg.a(lib_a-ctype_.o)
                                        0x8b0 (size before relaxing)
 .debug_str     0x00000000000021f7       0x44 ../../bsp/libg.a(lib_a-fclose.o)
                                        0x733 (size before relaxing)
 .debug_str     0x000000000000223b       0x40 ../../bsp/libg.a(lib_a-fstatr.o)
                                        0x736 (size before relaxing)
 .debug_str     0x000000000000227b       0x3c ../../bsp/libg.a(lib_a-isattyr.o)
                                        0x5d2 (size before relaxing)
 .debug_str     0x00000000000022b7       0x3a ../../bsp/libg.a(lib_a-lseekr.o)
                                        0x5d6 (size before relaxing)
 .debug_str     0x00000000000022f1       0x32 ../../bsp/libg.a(lib_a-readr.o)
                                        0x5d6 (size before relaxing)
 .debug_str     0x0000000000002323       0x5e ../../bsp/libg.a(lib_a-reent.o)
                                        0x5d4 (size before relaxing)
 .debug_str     0x0000000000002381       0x47 ../../bsp/libbsp.a(syscalls.o)
                                        0x71a (size before relaxing)
 .debug_str     0x00000000000023c8      0x2f7 ../../bsp/libbsp.a(excep.o)
                                        0x84b (size before relaxing)

.comment        0x0000000000000000       0x8a
 .comment       0x0000000000000000       0x31 main.o
                                         0x32 (size before relaxing)
 .comment       0x0000000000000031       0x32 ../../bsp/libbsp.a(bsp_init.o)
 .comment       0x0000000000000031       0x32 ../../bsp/libbsp.a(usart.o)
 .comment       0x0000000000000031       0x32 ../../bsp/libbsp.a(gpio.o)
 .comment       0x0000000000000031       0x32 ../../bsp/libbsp.a(dev.o)
 .comment       0x0000000000000031       0x59 ../../bsp/libg.a(lib_a-errno.o)
                                         0x5a (size before relaxing)
 .comment       0x000000000000008a       0x5a ../../bsp/libg.a(lib_a-impure.o)
 .comment       0x000000000000008a       0x5a ../../bsp/libg.a(lib_a-iprintf.o)
 .comment       0x000000000000008a       0x5a ../../bsp/libg.a(lib_a-memcmp.o)
 .comment       0x000000000000008a       0x5a ../../bsp/libg.a(lib_a-vfiprintf.o)
 .comment       0x000000000000008a       0x5a ../../bsp/libg.a(lib_a-wsetup.o)
 .comment       0x000000000000008a       0x5a ../../bsp/libg.a(lib_a-fflush.o)
 .comment       0x000000000000008a       0x5a ../../bsp/libg.a(lib_a-findfp.o)
 .comment       0x000000000000008a       0x5a ../../bsp/libg.a(lib_a-fputwc.o)
 .comment       0x000000000000008a       0x5a ../../bsp/libg.a(lib_a-freer.o)
 .comment       0x000000000000008a       0x5a ../../bsp/libg.a(lib_a-fvwrite.o)
 .comment       0x000000000000008a       0x5a ../../bsp/libg.a(lib_a-fwalk.o)
 .comment       0x000000000000008a       0x5a ../../bsp/libg.a(lib_a-locale.o)
 .comment       0x000000000000008a       0x5a ../../bsp/libg.a(lib_a-makebuf.o)
 .comment       0x000000000000008a       0x5a ../../bsp/libg.a(lib_a-mallocr.o)
 .comment       0x000000000000008a       0x5a ../../bsp/libg.a(lib_a-mbtowc_r.o)
 .comment       0x000000000000008a       0x5a ../../bsp/libg.a(lib_a-memmove.o)
 .comment       0x000000000000008a       0x5a ../../bsp/libg.a(lib_a-memset.o)
 .comment       0x000000000000008a       0x5a ../../bsp/libg.a(lib_a-mlock.o)
 .comment       0x000000000000008a       0x5a ../../bsp/libg.a(lib_a-reallocr.o)
 .comment       0x000000000000008a       0x5a ../../bsp/libg.a(lib_a-sbrkr.o)
 .comment       0x000000000000008a       0x5a ../../bsp/libg.a(lib_a-stdio.o)
 .comment       0x000000000000008a       0x5a ../../bsp/libg.a(lib_a-wbuf.o)
 .comment       0x000000000000008a       0x5a ../../bsp/libg.a(lib_a-wcrtomb.o)
 .comment       0x000000000000008a       0x5a ../../bsp/libg.a(lib_a-wctomb_r.o)
 .comment       0x000000000000008a       0x5a ../../bsp/libg.a(lib_a-writer.o)
 .comment       0x000000000000008a       0x5a ../../bsp/libg.a(lib_a-closer.o)
 .comment       0x000000000000008a       0x5a ../../bsp/libg.a(lib_a-ctype_.o)
 .comment       0x000000000000008a       0x5a ../../bsp/libg.a(lib_a-fclose.o)
 .comment       0x000000000000008a       0x5a ../../bsp/libg.a(lib_a-fstatr.o)
 .comment       0x000000000000008a       0x5a ../../bsp/libg.a(lib_a-isattyr.o)
 .comment       0x000000000000008a       0x5a ../../bsp/libg.a(lib_a-lseekr.o)
 .comment       0x000000000000008a       0x5a ../../bsp/libg.a(lib_a-readr.o)
 .comment       0x000000000000008a       0x5a ../../bsp/libg.a(lib_a-reent.o)
 .comment       0x000000000000008a       0x32 ../../bsp/libbsp.a(syscalls.o)
 .comment       0x000000000000008a       0x32 ../../bsp/libbsp.a(excep.o)

.debug_frame    0x0000000000000000     0x1230
 .debug_frame   0x0000000000000000       0xb0 main.o
 .debug_frame   0x00000000000000b0       0x64 ../../bsp/libbsp.a(bsp_init.o)
 .debug_frame   0x0000000000000114       0xfc ../../bsp/libbsp.a(usart.o)
 .debug_frame   0x0000000000000210      0x1a4 ../../bsp/libbsp.a(gpio.o)
 .debug_frame   0x00000000000003b4       0xf4 ../../bsp/libbsp.a(dev.o)
 .debug_frame   0x00000000000004a8       0x20 ../../bsp/libg.a(lib_a-errno.o)
 .debug_frame   0x00000000000004c8       0x74 ../../bsp/libg.a(lib_a-iprintf.o)
 .debug_frame   0x000000000000053c       0x3c ../../bsp/libg.a(lib_a-memcmp.o)
 .debug_frame   0x0000000000000578       0xcc ../../bsp/libg.a(lib_a-vfiprintf.o)
 .debug_frame   0x0000000000000644       0x2c ../../bsp/libg.a(lib_a-wsetup.o)
 .debug_frame   0x0000000000000670       0x64 ../../bsp/libg.a(lib_a-fflush.o)
 .debug_frame   0x00000000000006d4      0x124 ../../bsp/libg.a(lib_a-findfp.o)
 .debug_frame   0x00000000000007f8       0x8c ../../bsp/libg.a(lib_a-fputwc.o)
 .debug_frame   0x0000000000000884       0x8c ../../bsp/libg.a(lib_a-freer.o)
 .debug_frame   0x0000000000000910       0x64 ../../bsp/libg.a(lib_a-fvwrite.o)
 .debug_frame   0x0000000000000974       0x54 ../../bsp/libg.a(lib_a-fwalk.o)
 .debug_frame   0x00000000000009c8       0x54 ../../bsp/libg.a(lib_a-locale.o)
 .debug_frame   0x0000000000000a1c       0x6c ../../bsp/libg.a(lib_a-makebuf.o)
 .debug_frame   0x0000000000000a88       0x4c ../../bsp/libg.a(lib_a-mallocr.o)
 .debug_frame   0x0000000000000ad4       0x4c ../../bsp/libg.a(lib_a-mbtowc_r.o)
 .debug_frame   0x0000000000000b20       0x40 ../../bsp/libg.a(lib_a-memmove.o)
 .debug_frame   0x0000000000000b60       0x38 ../../bsp/libg.a(lib_a-memset.o)
 .debug_frame   0x0000000000000b98       0x30 ../../bsp/libg.a(lib_a-mlock.o)
 .debug_frame   0x0000000000000bc8       0x48 ../../bsp/libg.a(lib_a-reallocr.o)
 .debug_frame   0x0000000000000c10       0x2c ../../bsp/libg.a(lib_a-sbrkr.o)
 .debug_frame   0x0000000000000c3c       0x8c ../../bsp/libg.a(lib_a-stdio.o)
 .debug_frame   0x0000000000000cc8       0x68 ../../bsp/libg.a(lib_a-strcmp.o)
 .debug_frame   0x0000000000000d30       0x40 ../../bsp/libg.a(lib_a-wbuf.o)
 .debug_frame   0x0000000000000d70       0x60 ../../bsp/libg.a(lib_a-wcrtomb.o)
 .debug_frame   0x0000000000000dd0       0x3c ../../bsp/libg.a(lib_a-wctomb_r.o)
 .debug_frame   0x0000000000000e0c       0x2c ../../bsp/libg.a(lib_a-writer.o)
 .debug_frame   0x0000000000000e38       0x2c ../../bsp/libg.a(lib_a-closer.o)
 .debug_frame   0x0000000000000e64       0x3c ../../bsp/libg.a(lib_a-fclose.o)
 .debug_frame   0x0000000000000ea0       0x2c ../../bsp/libg.a(lib_a-fstatr.o)
 .debug_frame   0x0000000000000ecc       0x2c ../../bsp/libg.a(lib_a-isattyr.o)
 .debug_frame   0x0000000000000ef8       0x2c ../../bsp/libg.a(lib_a-lseekr.o)
 .debug_frame   0x0000000000000f24       0x2c ../../bsp/libg.a(lib_a-readr.o)
 .debug_frame   0x0000000000000f50       0x60 ../../bsp/libg.a(lib_a-reent.o)
 .debug_frame   0x0000000000000fb0      0x130 ../../bsp/libbsp.a(syscalls.o)
 .debug_frame   0x00000000000010e0      0x150 ../../bsp/libbsp.a(excep.o)

.debug_loc      0x0000000000000000     0x849d
 .debug_loc     0x0000000000000000       0x64 ../../bsp/libg.a(lib_a-iprintf.o)
 .debug_loc     0x0000000000000064      0x1db ../../bsp/libg.a(lib_a-memcmp.o)
 .debug_loc     0x000000000000023f     0x25b7 ../../bsp/libg.a(lib_a-vfiprintf.o)
 .debug_loc     0x00000000000027f6       0xe7 ../../bsp/libg.a(lib_a-wsetup.o)
 .debug_loc     0x00000000000028dd      0x349 ../../bsp/libg.a(lib_a-fflush.o)
 .debug_loc     0x0000000000002c26      0x349 ../../bsp/libg.a(lib_a-findfp.o)
 .debug_loc     0x0000000000002f6f      0x3cc ../../bsp/libg.a(lib_a-fputwc.o)
 .debug_loc     0x000000000000333b      0x6fe ../../bsp/libg.a(lib_a-freer.o)
 .debug_loc     0x0000000000003a39      0x719 ../../bsp/libg.a(lib_a-fvwrite.o)
 .debug_loc     0x0000000000004152      0x1bf ../../bsp/libg.a(lib_a-fwalk.o)
 .debug_loc     0x0000000000004311      0x179 ../../bsp/libg.a(lib_a-locale.o)
 .debug_loc     0x000000000000448a      0x1ae ../../bsp/libg.a(lib_a-makebuf.o)
 .debug_loc     0x0000000000004638      0xe97 ../../bsp/libg.a(lib_a-mallocr.o)
 .debug_loc     0x00000000000054cf      0x21d ../../bsp/libg.a(lib_a-mbtowc_r.o)
 .debug_loc     0x00000000000056ec      0x2e4 ../../bsp/libg.a(lib_a-memmove.o)
 .debug_loc     0x00000000000059d0      0x22c ../../bsp/libg.a(lib_a-memset.o)
 .debug_loc     0x0000000000005bfc     0x1786 ../../bsp/libg.a(lib_a-reallocr.o)
 .debug_loc     0x0000000000007382       0x6c ../../bsp/libg.a(lib_a-sbrkr.o)
 .debug_loc     0x00000000000073ee      0x3ba ../../bsp/libg.a(lib_a-stdio.o)
 .debug_loc     0x00000000000077a8      0x1b0 ../../bsp/libg.a(lib_a-wbuf.o)
 .debug_loc     0x0000000000007958      0x2cb ../../bsp/libg.a(lib_a-wcrtomb.o)
 .debug_loc     0x0000000000007c23      0x13a ../../bsp/libg.a(lib_a-wctomb_r.o)
 .debug_loc     0x0000000000007d5d       0xf7 ../../bsp/libg.a(lib_a-writer.o)
 .debug_loc     0x0000000000007e54       0x6c ../../bsp/libg.a(lib_a-closer.o)
 .debug_loc     0x0000000000007ec0      0x179 ../../bsp/libg.a(lib_a-fclose.o)
 .debug_loc     0x0000000000008039       0xc5 ../../bsp/libg.a(lib_a-fstatr.o)
 .debug_loc     0x00000000000080fe       0x6c ../../bsp/libg.a(lib_a-isattyr.o)
 .debug_loc     0x000000000000816a       0xf7 ../../bsp/libg.a(lib_a-lseekr.o)
 .debug_loc     0x0000000000008261       0xf7 ../../bsp/libg.a(lib_a-readr.o)
 .debug_loc     0x0000000000008358      0x145 ../../bsp/libg.a(lib_a-reent.o)

.debug_ranges   0x0000000000000000      0x608
 .debug_ranges  0x0000000000000000      0x1c8 ../../bsp/libg.a(lib_a-vfiprintf.o)
 .debug_ranges  0x00000000000001c8       0x28 ../../bsp/libg.a(lib_a-wsetup.o)
 .debug_ranges  0x00000000000001f0       0x68 ../../bsp/libg.a(lib_a-fflush.o)
 .debug_ranges  0x0000000000000258      0x118 ../../bsp/libg.a(lib_a-findfp.o)
 .debug_ranges  0x0000000000000370       0x50 ../../bsp/libg.a(lib_a-fputwc.o)
 .debug_ranges  0x00000000000003c0       0x20 ../../bsp/libg.a(lib_a-fvwrite.o)
 .debug_ranges  0x00000000000003e0       0x18 ../../bsp/libg.a(lib_a-makebuf.o)
 .debug_ranges  0x00000000000003f8       0x38 ../../bsp/libg.a(lib_a-mallocr.o)
 .debug_ranges  0x0000000000000430      0x178 ../../bsp/libg.a(lib_a-reallocr.o)
 .debug_ranges  0x00000000000005a8       0x20 ../../bsp/libg.a(lib_a-wbuf.o)
 .debug_ranges  0x00000000000005c8       0x10 ../../bsp/libg.a(lib_a-wcrtomb.o)
 .debug_ranges  0x00000000000005d8       0x30 ../../bsp/libg.a(lib_a-fclose.o)
