Archive member included to satisfy reference by file (symbol)

../../bsp/libbsp.a(crt0.o)    (_Reset_handler)
../../bsp/libbsp.a(bsp_init.o)
                              ../../bsp/libbsp.a(crt0.o) (bsp_init)
../../bsp/libbsp.a(nvic.o)    main.o (nvic_set_handler)
../../bsp/libbsp.a(usart.o)   ../../bsp/libbsp.a(bsp_init.o) (usart_bus_init)
../../bsp/libbsp.a(gpio.o)    ../../bsp/libbsp.a(bsp_init.o) (gpio_bus_init)
../../bsp/libbsp.a(dev.o)     ../../bsp/libbsp.a(usart.o) (register_dev)
../../bsp/libg.a(lib_a-errno.o)
                              ../../bsp/libbsp.a(dev.o) (__errno)
../../bsp/libg.a(lib_a-impure.o)
                              ../../bsp/libg.a(lib_a-errno.o) (_impure_ptr)
../../bsp/libg.a(lib_a-memcmp.o)
                              ../../bsp/libbsp.a(dev.o) (memcmp)
../../bsp/libg.a(lib_a-strlen.o)
                              ../../bsp/libbsp.a(dev.o) (strlen)

Memory Configuration

Name             Origin             Length             Attributes
RAM              0x0000000020000000 0x0000000000020000
*default*        0x0000000000000000 0xffffffffffffffff

Linker script and memory map

                0x0000000000010000                _stack_size = 0x10000
                0x000000000000e8e8                _heap_size = (_stack_bottom - _bss_end)
                [!provide]                        PROVIDE (heap_size, _heap_size)
                0x0000000020020000                _ram_limit = (ORIGIN (RAM) + LENGTH (RAM))

.text           0x0000000020000000      0xfdc
 *(.startup*)
 .startup       0x0000000020000000      0x1c4 ../../bsp/libbsp.a(crt0.o)
                0x0000000020000000                _isr_vector
                0x0000000020000008                _excep_handlers
                0x0000000020000040                _interrupt_handlers
                0x00000000200001c4                _text = .
 *(.isr_vector)
 *(.text*)
 .text          0x00000000200001c4       0xf4 main.o
                0x00000000200001c4                gpio_init
                0x0000000020000204                led_on
                0x0000000020000224                led_off
                0x0000000020000244                pause
                0x0000000020000272                blinking_led
                0x0000000020000288                main
 *fill*         0x00000000200002b8        0x8 
 .text          0x00000000200002c0       0x30 ../../bsp/libbsp.a(crt0.o)
                0x00000000200002c0                _Reset_handler
                0x00000000200002d0                _start
                0x00000000200002e6                _CAN2_RX1_handler
                0x00000000200002e6                _DMA2_Stream2_handler
                0x00000000200002e6                _CAN2_SCE_handler
                0x00000000200002e6                _FMC_handler
                0x00000000200002e6                _OTG_FS_handler
                0x00000000200002e6                _QuadSPI_handler
                0x00000000200002e6                _CAN1_TX_handler
                0x00000000200002e6                _I2C2_EV_handler
                0x00000000200002e6                _FMPI2C1_error_handler
                0x00000000200002e6                _TIM1_BRK_TIM9_handler
                0x00000000200002e6                _EXTI3_handler
                0x00000000200002e6                _OTG_HS_handler
                0x00000000200002e6                _FPU_handler
                0x00000000200002e6                _DMA2_Stream6_handler
                0x00000000200002e6                _EXTI0_handler
                0x00000000200002e6                _SPDIF_Rx_handler
                0x00000000200002e6                _DMA2_Stream5_handler
                0x00000000200002e6                _I2C3_EV_handler
                0x00000000200002e6                _USART2_handler
                0x00000000200002e6                _OTG_HS_EP1_IN_handler
                0x00000000200002e6                _DMA2_Stream7_handler
                0x00000000200002e6                _USART6_handler
                0x00000000200002e6                _I2C3_ER_handler
                0x00000000200002e6                _TIM2_handler
                0x00000000200002e6                _TIM1_CC_handler
                0x00000000200002e6                _UsageFault_handler
                0x00000000200002e6                _RCC_handler
                0x00000000200002e6                _SDIO_handler
                0x00000000200002e6                _EXTI2_handler
                0x00000000200002e6                _DebugMonitor_handler
                0x00000000200002e6                _TIM8_CC_handler
                0x00000000200002e6                _SPI3_handler
                0x00000000200002e6                _TIM1_TRG_COM_TIM11_handler
                0x00000000200002e6                _DMA2_Stream4_handler
                0x00000000200002e6                _OTG_HS_EP1_OUT_handler
                0x00000000200002e6                _USART1_handler
                0x00000000200002e6                _TIM3_handler
                0x00000000200002e6                _CAN1_SCE_handler
                0x00000000200002e6                _TIM4_handler
                0x00000000200002e6                _DMA1_Stream4_handler
                0x00000000200002e6                _MemManage_handler
                0x00000000200002e6                _EXTI15_10_handler
                0x00000000200002e6                _OTG_FS_WKUP_handler
                0x00000000200002e6                _RTC_WKUP_handler
                0x00000000200002e6                _I2C2_ER_handler
                0x00000000200002e6                _CAN1_RX1_handler
                0x00000000200002e6                _DMA2_Stream0_handler
                0x00000000200002e6                _CAN2_TX_handler
                0x00000000200002e6                _DMA1_Stream0_handler
                0x00000000200002e6                _UART4_handler
                0x00000000200002e6                _EXTI4_handler
                0x00000000200002e6                _TIM7_handler
                0x00000000200002e6                _USART3_handler
                0x00000000200002e6                _FMPI2C1_handler
                0x00000000200002e6                _SAI1_handler
                0x00000000200002e6                _DMA1_Stream6_handler
                0x00000000200002e6                _DMA2_Stream1_handler
                0x00000000200002e6                _Systick_handler
                0x00000000200002e6                _TIM6_DAC_handler
                0x00000000200002e6                _I2C1_ER_handler
                0x00000000200002e6                _DMA1_Stream3_handler
                0x00000000200002e6                _DMA2_Stream3_handler
                0x00000000200002e6                _TIM1_UP_TIM10_handler
                0x00000000200002e6                _HDMI_CEC_handler
                0x00000000200002e6                default_Handler
                0x00000000200002e6                _OTG_HS_WKUP_handler
                0x00000000200002e6                _CAN1_RX0_handler
                0x00000000200002e6                _DMA1_Stream2_handler
                0x00000000200002e6                _SVCall_handler
                0x00000000200002e6                _TIM8_UP_TIM13_handler
                0x00000000200002e6                _DCMI_handler
                0x00000000200002e6                _HardFault_handler
                0x00000000200002e6                _NMI_handler
                0x00000000200002e6                _DMA1_Stream5_handler
                0x00000000200002e6                _EXTI1_handler
                0x00000000200002e6                _SPI1_handler
                0x00000000200002e6                _DMA1_Stream1_handler
                0x00000000200002e6                _PendSV_handler
                0x00000000200002e6                _ADC_handler
                0x00000000200002e6                _RTC_Alarm_handler
                0x00000000200002e6                _CAN2_RX0_handler
                0x00000000200002e6                _EXTI9_5_handler
                0x00000000200002e6                _I2C1_EV_handler
                0x00000000200002e6                _TIM5_handler
                0x00000000200002e6                _WWDG_handler
                0x00000000200002e6                _UART5_handler
                0x00000000200002e6                _TIM8_TRG_COM_TIM14_handler
                0x00000000200002e6                _SPI4_handler
                0x00000000200002e6                _SAI2_handler
                0x00000000200002e6                _SPI2_handler
                0x00000000200002e6                _BusFault_handler
                0x00000000200002e6                _PVD_handler
                0x00000000200002e6                _TAMP_STAMP_handler
                0x00000000200002e6                _DMA1_Stream7_handler
                0x00000000200002e6                _TIM8_BRK_TIM12_handler
                0x00000000200002e6                _FLASH_handler
 .text          0x00000000200002f0       0x64 ../../bsp/libbsp.a(bsp_init.o)
                0x00000000200002f0                bus_init
                0x0000000020000300                io_init
                0x0000000020000344                bsp_init
 .text          0x0000000020000354      0x170 ../../bsp/libbsp.a(nvic.o)
                0x0000000020000354                nvic_set_handler
                0x0000000020000378                nvic_get_handler
                0x0000000020000398                nvic_set_priority
                0x00000000200003c4                nvic_get_priority
                0x00000000200003e8                nvic_enable_interrupt
                0x000000002000041c                nvic_disable_interrupt
                0x0000000020000454                nvic_force_interrupt
                0x000000002000048c                nvic_unforce_interrupt
 .text          0x00000000200004c4      0x3bc ../../bsp/libbsp.a(usart.o)
                0x00000000200004c4                usart_bus_init
                0x0000000020000508                usart_init
                0x0000000020000784                usart_send_byte
                0x00000000200007cc                usart_send
                0x0000000020000808                usart_receive_byte
                0x0000000020000844                usart_receive
 .text          0x0000000020000880      0x398 ../../bsp/libbsp.a(gpio.o)
                0x0000000020000880                gpio_bus_init
                0x00000000200008a8                gpio_set_mode
                0x0000000020000928                gpio_set_output_type
                0x00000000200009ac                gpio_set_output_speed
                0x0000000020000a2c                gpio_set_pull_up_pull_down
                0x0000000020000aac                gpio_set_pin
                0x0000000020000ae0                gpio_clear_pin
                0x0000000020000b18                gpio_set_function_pin
                0x0000000020000bc8                gpio_get_input_pin
                0x0000000020000bf0                gpio_get_output_pin
 .text          0x0000000020000c18      0x260 ../../bsp/libbsp.a(dev.o)
                0x0000000020000c18                register_dev
                0x0000000020000d08                get_dev
                0x0000000020000d34                find_dev
                0x0000000020000d94                get_fd
                0x0000000020000de4                release_fd
                0x0000000020000e04                redirect_fd
 .text          0x0000000020000e78        0xc ../../bsp/libg.a(lib_a-errno.o)
                0x0000000020000e78                __errno
 .text          0x0000000020000e84        0x0 ../../bsp/libg.a(lib_a-impure.o)
 .text          0x0000000020000e84       0x60 ../../bsp/libg.a(lib_a-memcmp.o)
                0x0000000020000e84                memcmp
 *fill*         0x0000000020000ee4       0x1c 
 .text          0x0000000020000f00       0xdc ../../bsp/libg.a(lib_a-strlen.o)
                0x0000000020000f00                strlen
 *(.init)
 *(.fini)
                0x0000000020000fdc                _etext = .

.glue_7         0x0000000020000fdc        0x0
 .glue_7        0x0000000020000fdc        0x0 linker stubs

.glue_7t        0x0000000020000fdc        0x0
 .glue_7t       0x0000000020000fdc        0x0 linker stubs

.vfp11_veneer   0x0000000020000fdc        0x0
 .vfp11_veneer  0x0000000020000fdc        0x0 linker stubs

.v4_bx          0x0000000020000fdc        0x0
 .v4_bx         0x0000000020000fdc        0x0 linker stubs

.iplt           0x0000000020000fdc        0x0
 .iplt          0x0000000020000fdc        0x0 main.o

.rodata         0x0000000020000fdc       0x60
                0x0000000020000fdc                _rodata_start = .
 *(.rodata*)
 .rodata        0x0000000020000fdc        0xc ../../bsp/libbsp.a(bsp_init.o)
 .rodata        0x0000000020000fe8        0x4 ../../bsp/libbsp.a(nvic.o)
 .rodata        0x0000000020000fec       0x24 ../../bsp/libbsp.a(usart.o)
 .rodata        0x0000000020001010       0x1c ../../bsp/libbsp.a(gpio.o)
 .rodata        0x000000002000102c        0xa ../../bsp/libbsp.a(dev.o)
 *fill*         0x0000000020001036        0x2 
 .rodata        0x0000000020001038        0x4 ../../bsp/libg.a(lib_a-impure.o)
                0x0000000020001038                _global_impure_ptr
                0x000000002000103c                _rodata_end = .

.rel.dyn        0x000000002000103c        0x0
 .rel.iplt      0x000000002000103c        0x0 main.o

.data           0x0000000020001040      0x6d8
                0x0000000020001040                _data_start = .
 *(.data*)
 .data          0x0000000020001040       0x20 main.o
                0x0000000020001040                gpioa_moder
                0x0000000020001044                rcc_ahb1enr
                0x0000000020001048                gpioa_bsrr
                0x000000002000104c                rcc_apb1enr
                0x0000000020001050                gpioa_moder_mask
                0x0000000020001054                rcc_ahb1enr_mask
                0x0000000020001058                gpioa_bsrr_set_mask
                0x000000002000105c                gpioa_bsrr_reset_mask
 .data          0x0000000020001060        0x0 ../../bsp/libbsp.a(crt0.o)
 .data          0x0000000020001060        0x0 ../../bsp/libbsp.a(bsp_init.o)
 .data          0x0000000020001060        0x0 ../../bsp/libbsp.a(nvic.o)
 .data          0x0000000020001060        0x0 ../../bsp/libbsp.a(usart.o)
 .data          0x0000000020001060        0x0 ../../bsp/libbsp.a(gpio.o)
 .data          0x0000000020001060      0x284 ../../bsp/libbsp.a(dev.o)
 .data          0x00000000200012e4        0x0 ../../bsp/libg.a(lib_a-errno.o)
 *fill*         0x00000000200012e4        0x4 
 .data          0x00000000200012e8      0x430 ../../bsp/libg.a(lib_a-impure.o)
                0x00000000200012e8                _impure_ptr
 .data          0x0000000020001718        0x0 ../../bsp/libg.a(lib_a-memcmp.o)
 .data          0x0000000020001718        0x0 ../../bsp/libg.a(lib_a-strlen.o)
                0x0000000020001718                _data_end = .

.igot.plt       0x0000000020001718        0x0
 .igot.plt      0x0000000020001718        0x0 main.o

.bss            0x0000000020001718        0x0
                0x0000000020001718                _bss_start = .
 *(.bss*)
 .bss           0x0000000020001718        0x0 main.o
 .bss           0x0000000020001718        0x0 ../../bsp/libbsp.a(crt0.o)
 .bss           0x0000000020001718        0x0 ../../bsp/libbsp.a(bsp_init.o)
 .bss           0x0000000020001718        0x0 ../../bsp/libbsp.a(nvic.o)
 .bss           0x0000000020001718        0x0 ../../bsp/libbsp.a(usart.o)
 .bss           0x0000000020001718        0x0 ../../bsp/libbsp.a(gpio.o)
 .bss           0x0000000020001718        0x0 ../../bsp/libbsp.a(dev.o)
 .bss           0x0000000020001718        0x0 ../../bsp/libg.a(lib_a-errno.o)
 .bss           0x0000000020001718        0x0 ../../bsp/libg.a(lib_a-impure.o)
 .bss           0x0000000020001718        0x0 ../../bsp/libg.a(lib_a-memcmp.o)
 .bss           0x0000000020001718        0x0 ../../bsp/libg.a(lib_a-strlen.o)
                0x0000000020001718                _bss_end = .

.heap           0x0000000020001718     0xe8e8
                0x0000000020001718                _heap_start = .
                0x0000000020010000                . = (. + _heap_size)
 *fill*         0x0000000020001718     0xe8e8 
                0x0000000020010000                _heap_end = .

.stack          0x0000000020010000    0x10000
                0x0000000020010000                _stack_bottom = .
                0x0000000020020000                . = (. + _stack_size)
 *fill*         0x0000000020010000    0x10000 
                0x0000000020020000                _stack_top = .

.ARM.attributes
                0x0000000000000000       0x31
 *(.ARM.attributes)
 .ARM.attributes
                0x0000000000000000       0x33 main.o
 .ARM.attributes
                0x0000000000000033       0x21 ../../bsp/libbsp.a(crt0.o)
 .ARM.attributes
                0x0000000000000054       0x33 ../../bsp/libbsp.a(bsp_init.o)
 .ARM.attributes
                0x0000000000000087       0x33 ../../bsp/libbsp.a(nvic.o)
 .ARM.attributes
                0x00000000000000ba       0x33 ../../bsp/libbsp.a(usart.o)
 .ARM.attributes
                0x00000000000000ed       0x33 ../../bsp/libbsp.a(gpio.o)
 .ARM.attributes
                0x0000000000000120       0x33 ../../bsp/libbsp.a(dev.o)
 .ARM.attributes
                0x0000000000000153       0x2e ../../bsp/libg.a(lib_a-errno.o)
 .ARM.attributes
                0x0000000000000181       0x2e ../../bsp/libg.a(lib_a-impure.o)
 .ARM.attributes
                0x00000000000001af       0x2e ../../bsp/libg.a(lib_a-memcmp.o)
 .ARM.attributes
                0x00000000000001dd       0x1c ../../bsp/libg.a(lib_a-strlen.o)
LOAD main.o
LOAD ../../bsp/libbsp.a
LOAD ../../bsp/libg.a
LOAD /usr/lib/gcc/arm-none-eabi/6.3.1/libgcc.a
LOAD ../../bsp/libbsp.a
OUTPUT(main.elf elf32-littlearm)

.debug_info     0x0000000000000000     0x73e1
 .debug_info    0x0000000000000000      0xc82 main.o
 .debug_info    0x0000000000000c82       0x5f ../../bsp/libbsp.a(crt0.o)
 .debug_info    0x0000000000000ce1      0x974 ../../bsp/libbsp.a(bsp_init.o)
 .debug_info    0x0000000000001655      0xe9c ../../bsp/libbsp.a(nvic.o)
 .debug_info    0x00000000000024f1     0x145b ../../bsp/libbsp.a(usart.o)
 .debug_info    0x000000000000394c     0x1028 ../../bsp/libbsp.a(gpio.o)
 .debug_info    0x0000000000004974      0xe08 ../../bsp/libbsp.a(dev.o)
 .debug_info    0x000000000000577c      0x953 ../../bsp/libg.a(lib_a-errno.o)
 .debug_info    0x00000000000060cf      0x92a ../../bsp/libg.a(lib_a-impure.o)
 .debug_info    0x00000000000069f9      0x9c2 ../../bsp/libg.a(lib_a-memcmp.o)
 .debug_info    0x00000000000073bb       0x26 ../../bsp/libg.a(lib_a-strlen.o)

.debug_abbrev   0x0000000000000000     0x137c
 .debug_abbrev  0x0000000000000000      0x248 main.o
 .debug_abbrev  0x0000000000000248       0x14 ../../bsp/libbsp.a(crt0.o)
 .debug_abbrev  0x000000000000025c      0x1d5 ../../bsp/libbsp.a(bsp_init.o)
 .debug_abbrev  0x0000000000000431      0x24e ../../bsp/libbsp.a(nvic.o)
 .debug_abbrev  0x000000000000067f      0x2c7 ../../bsp/libbsp.a(usart.o)
 .debug_abbrev  0x0000000000000946      0x248 ../../bsp/libbsp.a(gpio.o)
 .debug_abbrev  0x0000000000000b8e      0x25f ../../bsp/libbsp.a(dev.o)
 .debug_abbrev  0x0000000000000ded      0x1d6 ../../bsp/libg.a(lib_a-errno.o)
 .debug_abbrev  0x0000000000000fc3      0x1b8 ../../bsp/libg.a(lib_a-impure.o)
 .debug_abbrev  0x000000000000117b      0x1ed ../../bsp/libg.a(lib_a-memcmp.o)
 .debug_abbrev  0x0000000000001368       0x14 ../../bsp/libg.a(lib_a-strlen.o)

.debug_aranges  0x0000000000000000      0x158
 .debug_aranges
                0x0000000000000000       0x20 main.o
 .debug_aranges
                0x0000000000000020       0x20 ../../bsp/libbsp.a(crt0.o)
 .debug_aranges
                0x0000000000000040       0x20 ../../bsp/libbsp.a(bsp_init.o)
 .debug_aranges
                0x0000000000000060       0x20 ../../bsp/libbsp.a(nvic.o)
 .debug_aranges
                0x0000000000000080       0x20 ../../bsp/libbsp.a(usart.o)
 .debug_aranges
                0x00000000000000a0       0x20 ../../bsp/libbsp.a(gpio.o)
 .debug_aranges
                0x00000000000000c0       0x20 ../../bsp/libbsp.a(dev.o)
 .debug_aranges
                0x00000000000000e0       0x20 ../../bsp/libg.a(lib_a-errno.o)
 .debug_aranges
                0x0000000000000100       0x18 ../../bsp/libg.a(lib_a-impure.o)
 .debug_aranges
                0x0000000000000118       0x20 ../../bsp/libg.a(lib_a-memcmp.o)
 .debug_aranges
                0x0000000000000138       0x20 ../../bsp/libg.a(lib_a-strlen.o)

.debug_line     0x0000000000000000      0xd29
 .debug_line    0x0000000000000000      0x18e main.o
 .debug_line    0x000000000000018e       0x47 ../../bsp/libbsp.a(crt0.o)
 .debug_line    0x00000000000001d5      0x102 ../../bsp/libbsp.a(bsp_init.o)
 .debug_line    0x00000000000002d7      0x14c ../../bsp/libbsp.a(nvic.o)
 .debug_line    0x0000000000000423      0x1a3 ../../bsp/libbsp.a(usart.o)
 .debug_line    0x00000000000005c6      0x15c ../../bsp/libbsp.a(gpio.o)
 .debug_line    0x0000000000000722      0x1b1 ../../bsp/libbsp.a(dev.o)
 .debug_line    0x00000000000008d3      0x102 ../../bsp/libg.a(lib_a-errno.o)
 .debug_line    0x00000000000009d5       0xdd ../../bsp/libg.a(lib_a-impure.o)
 .debug_line    0x0000000000000ab2      0x1c8 ../../bsp/libg.a(lib_a-memcmp.o)
 .debug_line    0x0000000000000c7a       0xaf ../../bsp/libg.a(lib_a-strlen.o)

.debug_str      0x0000000000000000     0x1a1a
 .debug_str     0x0000000000000000      0xce5 main.o
                                        0xd5c (size before relaxing)
 .debug_str     0x0000000000000ce5       0x7d ../../bsp/libbsp.a(bsp_init.o)
                                        0x587 (size before relaxing)
 .debug_str     0x0000000000000d62      0x283 ../../bsp/libbsp.a(nvic.o)
                                        0xf2f (size before relaxing)
 .debug_str     0x0000000000000fe5      0x466 ../../bsp/libbsp.a(usart.o)
                                        0x9ef (size before relaxing)
 .debug_str     0x000000000000144b      0x148 ../../bsp/libbsp.a(gpio.o)
                                        0x907 (size before relaxing)
 .debug_str     0x0000000000001593      0x1a0 ../../bsp/libbsp.a(dev.o)
                                        0x728 (size before relaxing)
 .debug_str     0x0000000000001733      0x11f ../../bsp/libg.a(lib_a-errno.o)
                                        0x5aa (size before relaxing)
 .debug_str     0x0000000000001852       0x92 ../../bsp/libg.a(lib_a-impure.o)
                                        0x598 (size before relaxing)
 .debug_str     0x00000000000018e4       0x8f ../../bsp/libg.a(lib_a-memcmp.o)
                                        0x59c (size before relaxing)
 .debug_str     0x0000000000001973       0xa7 ../../bsp/libg.a(lib_a-strlen.o)

.comment        0x0000000000000000       0x8a
 .comment       0x0000000000000000       0x31 main.o
                                         0x32 (size before relaxing)
 .comment       0x0000000000000031       0x32 ../../bsp/libbsp.a(bsp_init.o)
 .comment       0x0000000000000031       0x32 ../../bsp/libbsp.a(nvic.o)
 .comment       0x0000000000000031       0x32 ../../bsp/libbsp.a(usart.o)
 .comment       0x0000000000000031       0x32 ../../bsp/libbsp.a(gpio.o)
 .comment       0x0000000000000031       0x32 ../../bsp/libbsp.a(dev.o)
 .comment       0x0000000000000031       0x59 ../../bsp/libg.a(lib_a-errno.o)
                                         0x5a (size before relaxing)
 .comment       0x000000000000008a       0x5a ../../bsp/libg.a(lib_a-impure.o)
 .comment       0x000000000000008a       0x5a ../../bsp/libg.a(lib_a-memcmp.o)

.debug_frame    0x0000000000000000      0x674
 .debug_frame   0x0000000000000000       0xd0 main.o
 .debug_frame   0x00000000000000d0       0x64 ../../bsp/libbsp.a(bsp_init.o)
 .debug_frame   0x0000000000000134      0x150 ../../bsp/libbsp.a(nvic.o)
 .debug_frame   0x0000000000000284       0xfc ../../bsp/libbsp.a(usart.o)
 .debug_frame   0x0000000000000380      0x1a4 ../../bsp/libbsp.a(gpio.o)
 .debug_frame   0x0000000000000524       0xf4 ../../bsp/libbsp.a(dev.o)
 .debug_frame   0x0000000000000618       0x20 ../../bsp/libg.a(lib_a-errno.o)
 .debug_frame   0x0000000000000638       0x3c ../../bsp/libg.a(lib_a-memcmp.o)

.debug_loc      0x0000000000000000      0x1db
 .debug_loc     0x0000000000000000      0x1db ../../bsp/libg.a(lib_a-memcmp.o)
