Archive member included to satisfy reference by file (symbol)

../../bsp/libbsp.a(crt0.o)    (_Reset_handler)
../../bsp/libbsp.a(bsp_init.o)
                              ../../bsp/libbsp.a(crt0.o) (bsp_init)
../../bsp/libbsp.a(excep.o)   ../../bsp/libbsp.a(bsp_init.o) (excep_init)

Memory Configuration

Name             Origin             Length             Attributes
RAM              0x0000000020000000 0x0000000000020000
*default*        0x0000000000000000 0xffffffffffffffff

Linker script and memory map

                0x0000000000010000                _stack_size = 0x10000
                0x000000000000fcec                _heap_size = (_stack_bottom - _bss_end)
                0x0000000020020000                _ram_limit = (ORIGIN (RAM) + LENGTH (RAM))

.text           0x0000000020000000      0x2f4
 *(.startup*)
 .startup       0x0000000020000000      0x1c4 ../../bsp/libbsp.a(crt0.o)
                0x0000000020000000                _isr_vector
                0x0000000020000004                _excep_handlers
                0x0000000020000040                _interrupt_handlers
 *(.text*)
 .text          0x00000000200001c4       0xc8 main.o
                0x00000000200001c4                gpio_init
                0x0000000020000204                led_on
                0x0000000020000224                led_off
                0x0000000020000244                pause
                0x0000000020000272                main
 *fill*         0x000000002000028c        0x4 
 .text          0x0000000020000290       0x40 ../../bsp/libbsp.a(crt0.o)
                0x0000000020000290                _Reset_handler
                0x00000000200002a0                _start
                0x00000000200002c8                _CAN2_RX1_handler
                0x00000000200002c8                _DMA2_Stream2_handler
                0x00000000200002c8                _CAN2_SCE_handler
                0x00000000200002c8                _FMC_handler
                0x00000000200002c8                _OTG_FS_handler
                0x00000000200002c8                _QuadSPI_handler
                0x00000000200002c8                _CAN1_TX_handler
                0x00000000200002c8                _I2C2_EV_handler
                0x00000000200002c8                _FMPI2C1_error_handler
                0x00000000200002c8                _TIM1_BRK_TIM9_handler
                0x00000000200002c8                _EXTI3_handler
                0x00000000200002c8                _OTG_HS_handler
                0x00000000200002c8                _FPU_handler
                0x00000000200002c8                _DMA2_Stream6_handler
                0x00000000200002c8                _EXTI0_handler
                0x00000000200002c8                _SPDIF_Rx_handler
                0x00000000200002c8                _DMA2_Stream5_handler
                0x00000000200002c8                _I2C3_EV_handler
                0x00000000200002c8                _USART2_handler
                0x00000000200002c8                _OTG_HS_EP1_IN_handler
                0x00000000200002c8                _DMA2_Stream7_handler
                0x00000000200002c8                _USART6_handler
                0x00000000200002c8                _I2C3_ER_handler
                0x00000000200002c8                _TIM2_handler
                0x00000000200002c8                _TIM1_CC_handler
                0x00000000200002c8                _UsageFault_handler
                0x00000000200002c8                _RCC_handler
                0x00000000200002c8                _SDIO_handler
                0x00000000200002c8                _EXTI2_handler
                0x00000000200002c8                _DebugMonitor_handler
                0x00000000200002c8                _TIM8_CC_handler
                0x00000000200002c8                _SPI3_handler
                0x00000000200002c8                _TIM1_TRG_COM_TIM11_handler
                0x00000000200002c8                _DMA2_Stream4_handler
                0x00000000200002c8                _OTG_HS_EP1_OUT_handler
                0x00000000200002c8                _USART1_handler
                0x00000000200002c8                _TIM3_handler
                0x00000000200002c8                _CAN1_SCE_handler
                0x00000000200002c8                _TIM4_handler
                0x00000000200002c8                _DMA1_Stream4_handler
                0x00000000200002c8                _MemManage_handler
                0x00000000200002c8                _EXTI15_10_handler
                0x00000000200002c8                _OTG_FS_WKUP_handler
                0x00000000200002c8                _RTC_WKUP_handler
                0x00000000200002c8                _I2C2_ER_handler
                0x00000000200002c8                _CAN1_RX1_handler
                0x00000000200002c8                _DMA2_Stream0_handler
                0x00000000200002c8                _CAN2_TX_handler
                0x00000000200002c8                _DMA1_Stream0_handler
                0x00000000200002c8                _UART4_handler
                0x00000000200002c8                _EXTI4_handler
                0x00000000200002c8                _TIM7_handler
                0x00000000200002c8                _USART3_handler
                0x00000000200002c8                _FMPI2C1_handler
                0x00000000200002c8                _SAI1_handler
                0x00000000200002c8                _DMA1_Stream6_handler
                0x00000000200002c8                _DMA2_Stream1_handler
                0x00000000200002c8                _Systick_handler
                0x00000000200002c8                _TIM6_DAC_handler
                0x00000000200002c8                _I2C1_ER_handler
                0x00000000200002c8                _DMA1_Stream3_handler
                0x00000000200002c8                _DMA2_Stream3_handler
                0x00000000200002c8                _TIM1_UP_TIM10_handler
                0x00000000200002c8                _HDMI_CEC_handler
                0x00000000200002c8                default_Handler
                0x00000000200002c8                _OTG_HS_WKUP_handler
                0x00000000200002c8                _CAN1_RX0_handler
                0x00000000200002c8                _DMA1_Stream2_handler
                0x00000000200002c8                _SVCall_handler
                0x00000000200002c8                _TIM8_UP_TIM13_handler
                0x00000000200002c8                _DCMI_handler
                0x00000000200002c8                _HardFault_handler
                0x00000000200002c8                _NMI_handler
                0x00000000200002c8                _DMA1_Stream5_handler
                0x00000000200002c8                _EXTI1_handler
                0x00000000200002c8                _SPI1_handler
                0x00000000200002c8                _DMA1_Stream1_handler
                0x00000000200002c8                _PendSV_handler
                0x00000000200002c8                _ADC_handler
                0x00000000200002c8                _RTC_Alarm_handler
                0x00000000200002c8                _CAN2_RX0_handler
                0x00000000200002c8                _EXTI9_5_handler
                0x00000000200002c8                _I2C1_EV_handler
                0x00000000200002c8                _TIM5_handler
                0x00000000200002c8                _WWDG_handler
                0x00000000200002c8                _UART5_handler
                0x00000000200002c8                _TIM8_TRG_COM_TIM14_handler
                0x00000000200002c8                _SPI4_handler
                0x00000000200002c8                _SAI2_handler
                0x00000000200002c8                _SPI2_handler
                0x00000000200002c8                _BusFault_handler
                0x00000000200002c8                _PVD_handler
                0x00000000200002c8                _TAMP_STAMP_handler
                0x00000000200002c8                _DMA1_Stream7_handler
                0x00000000200002c8                _TIM8_BRK_TIM12_handler
                0x00000000200002c8                _FLASH_handler
 .text          0x00000000200002d0       0x18 ../../bsp/libbsp.a(bsp_init.o)
                0x00000000200002dc                bsp_init
 .text          0x00000000200002e8        0xc ../../bsp/libbsp.a(excep.o)
                0x00000000200002e8                excep_init

.glue_7         0x00000000200002f4        0x0
 .glue_7        0x00000000200002f4        0x0 linker stubs

.glue_7t        0x00000000200002f4        0x0
 .glue_7t       0x00000000200002f4        0x0 linker stubs

.vfp11_veneer   0x00000000200002f4        0x0
 .vfp11_veneer  0x00000000200002f4        0x0 linker stubs

.v4_bx          0x00000000200002f4        0x0
 .v4_bx         0x00000000200002f4        0x0 linker stubs

.iplt           0x00000000200002f4        0x0
 .iplt          0x00000000200002f4        0x0 main.o

.rel.dyn        0x00000000200002f4        0x0
 .rel.iplt      0x00000000200002f4        0x0 main.o

.rodata         0x00000000200002f4        0x0
                0x00000000200002f4                _rodata_start = .
 *(.rodata*)
                0x00000000200002f4                _rodata_end = .

.data           0x00000000200002f4       0x20
                0x00000000200002f4                _data_start = .
 *(.data*)
 .data          0x00000000200002f4       0x20 main.o
                0x00000000200002f4                gpioa_moder
                0x00000000200002f8                rcc_ahb1enr
                0x00000000200002fc                gpioa_bsrr
                0x0000000020000300                rcc_apb1enr
                0x0000000020000304                gpioa_moder_mask
                0x0000000020000308                rcc_ahb1enr_mask
                0x000000002000030c                gpioa_bsrr_set_mask
                0x0000000020000310                gpioa_bsrr_reset_mask
 .data          0x0000000020000314        0x0 ../../bsp/libbsp.a(crt0.o)
 .data          0x0000000020000314        0x0 ../../bsp/libbsp.a(bsp_init.o)
 .data          0x0000000020000314        0x0 ../../bsp/libbsp.a(excep.o)
                0x0000000020000314                _data_end = .

.igot.plt       0x0000000020000314        0x0
 .igot.plt      0x0000000020000314        0x0 main.o

.bss            0x0000000020000314        0x0
                0x0000000020000314                _bss_start = .
 *(.bss*)
 .bss           0x0000000020000314        0x0 main.o
 .bss           0x0000000020000314        0x0 ../../bsp/libbsp.a(crt0.o)
 .bss           0x0000000020000314        0x0 ../../bsp/libbsp.a(bsp_init.o)
 .bss           0x0000000020000314        0x0 ../../bsp/libbsp.a(excep.o)
                0x0000000020000314                _bss_end = .

.heap           0x0000000020000314     0xfcec
                0x0000000020000314                _heap_start = .
                0x0000000020010000                . = (. + _heap_size)
 *fill*         0x0000000020000314     0xfcec 
                0x0000000020010000                _heap_end = .

.stack          0x0000000020010000    0x10000
                0x0000000020010000                _stack_bottom = .
                0x0000000020020000                . = (. + _stack_size)
 *fill*         0x0000000020010000    0x10000 
                0x0000000020020000                _stack_top = .
LOAD main.o
LOAD ../../bsp/libbsp.a
LOAD /usr/lib/gcc/arm-none-eabi/7.3.1/../../../arm-none-eabi/lib/libg.a
LOAD /usr/lib/gcc/arm-none-eabi/7.3.1/../../../arm-none-eabi/lib/libm.a
LOAD /usr/lib/gcc/arm-none-eabi/7.3.1/libgcc.a
LOAD ../../bsp/libbsp.a
OUTPUT(main.elf elf32-littlearm)

.debug_info     0x0000000000000000      0x289
 .debug_info    0x0000000000000000      0x197 main.o
 .debug_info    0x0000000000000197       0x26 ../../bsp/libbsp.a(crt0.o)
 .debug_info    0x00000000000001bd       0x8e ../../bsp/libbsp.a(bsp_init.o)
 .debug_info    0x000000000000024b       0x3e ../../bsp/libbsp.a(excep.o)

.debug_abbrev   0x0000000000000000      0x16c
 .debug_abbrev  0x0000000000000000       0xcb main.o
 .debug_abbrev  0x00000000000000cb       0x14 ../../bsp/libbsp.a(crt0.o)
 .debug_abbrev  0x00000000000000df       0x58 ../../bsp/libbsp.a(bsp_init.o)
 .debug_abbrev  0x0000000000000137       0x35 ../../bsp/libbsp.a(excep.o)

.debug_aranges  0x0000000000000000       0x80
 .debug_aranges
                0x0000000000000000       0x20 main.o
 .debug_aranges
                0x0000000000000020       0x20 ../../bsp/libbsp.a(crt0.o)
 .debug_aranges
                0x0000000000000040       0x20 ../../bsp/libbsp.a(bsp_init.o)
 .debug_aranges
                0x0000000000000060       0x20 ../../bsp/libbsp.a(excep.o)

.debug_line     0x0000000000000000      0x18f
 .debug_line    0x0000000000000000       0xc4 main.o
 .debug_line    0x00000000000000c4       0x4c ../../bsp/libbsp.a(crt0.o)
 .debug_line    0x0000000000000110       0x45 ../../bsp/libbsp.a(bsp_init.o)
 .debug_line    0x0000000000000155       0x3a ../../bsp/libbsp.a(excep.o)

.debug_str      0x0000000000000000      0x221
 .debug_str     0x0000000000000000      0x1a9 main.o
                                        0x1e6 (size before relaxing)
 .debug_str     0x00000000000001a9       0x45 ../../bsp/libbsp.a(crt0.o)
 .debug_str     0x00000000000001ee       0x27 ../../bsp/libbsp.a(bsp_init.o)
                                        0x13d (size before relaxing)
 .debug_str     0x0000000000000215        0xc ../../bsp/libbsp.a(excep.o)
                                         0xb7 (size before relaxing)

.comment        0x0000000000000000       0x57
 .comment       0x0000000000000000       0x57 main.o
                                         0x58 (size before relaxing)
 .comment       0x0000000000000057       0x58 ../../bsp/libbsp.a(bsp_init.o)
 .comment       0x0000000000000057       0x58 ../../bsp/libbsp.a(excep.o)

.ARM.attributes
                0x0000000000000000       0x31
 .ARM.attributes
                0x0000000000000000       0x33 main.o
 .ARM.attributes
                0x0000000000000033       0x21 ../../bsp/libbsp.a(crt0.o)
 .ARM.attributes
                0x0000000000000054       0x33 ../../bsp/libbsp.a(bsp_init.o)
 .ARM.attributes
                0x0000000000000087       0x33 ../../bsp/libbsp.a(excep.o)

.debug_frame    0x0000000000000000      0x12c
 .debug_frame   0x0000000000000000       0xb4 main.o
 .debug_frame   0x00000000000000b4       0x48 ../../bsp/libbsp.a(bsp_init.o)
 .debug_frame   0x00000000000000fc       0x30 ../../bsp/libbsp.a(excep.o)
