Archive member included to satisfy reference by file (symbol)

../../bsp/libbsp.a(crt0.o)    (_Reset_handler)
../../bsp/libbsp.a(excep.o)   main.o (excep_enable_faultmask)
../../bsp/libbsp.a(bsp_init.o)
                              ../../bsp/libbsp.a(crt0.o) (bsp_init)
../../bsp/libbsp.a(usart.o)   ../../bsp/libbsp.a(bsp_init.o) (usart_bus_init)
../../bsp/libbsp.a(gpio.o)    ../../bsp/libbsp.a(bsp_init.o) (gpio_bus_init)
../../bsp/libbsp.a(dev.o)     ../../bsp/libbsp.a(usart.o) (register_dev)
../../bsp/libg.a(lib_a-errno.o)
                              ../../bsp/libbsp.a(dev.o) (__errno)
../../bsp/libg.a(lib_a-impure.o)
                              ../../bsp/libg.a(lib_a-errno.o) (_impure_ptr)
../../bsp/libg.a(lib_a-memcmp.o)
                              ../../bsp/libbsp.a(dev.o) (memcmp)
../../bsp/libg.a(lib_a-strlen.o)
                              ../../bsp/libbsp.a(dev.o) (strlen)

Memory Configuration

Name             Origin             Length             Attributes
RAM              0x0000000020000000 0x0000000000020000
*default*        0x0000000000000000 0xffffffffffffffff

Linker script and memory map

                0x0000000000010000                _stack_size = 0x10000
                0x000000000000e968                _heap_size = (_stack_bottom - _bss_end)
                [!provide]                        PROVIDE (heap_size, _heap_size)
                0x0000000020020000                _ram_limit = (ORIGIN (RAM) + LENGTH (RAM))

.text           0x0000000020000000      0xf5c
 *(.startup*)
 .startup       0x0000000020000000      0x1c4 ../../bsp/libbsp.a(crt0.o)
                0x0000000020000000                _isr_vector
                0x0000000020000008                _excep_handlers
                0x0000000020000040                _interrupt_handlers
                0x00000000200001c4                _text = .
 *(.isr_vector)
 *(.text*)
 .text          0x00000000200001c4       0xe8 main.o
                0x00000000200001c4                gpio_init
                0x0000000020000204                led_on
                0x0000000020000224                led_off
                0x0000000020000244                pause
                0x0000000020000272                blinking_led
                0x0000000020000288                main
 *fill*         0x00000000200002ac        0x4 
 .text          0x00000000200002b0       0x30 ../../bsp/libbsp.a(crt0.o)
                0x00000000200002b0                _Reset_handler
                0x00000000200002c0                _start
                0x00000000200002d6                _CAN2_RX1_handler
                0x00000000200002d6                _DMA2_Stream2_handler
                0x00000000200002d6                _CAN2_SCE_handler
                0x00000000200002d6                _FMC_handler
                0x00000000200002d6                _OTG_FS_handler
                0x00000000200002d6                _QuadSPI_handler
                0x00000000200002d6                _CAN1_TX_handler
                0x00000000200002d6                _I2C2_EV_handler
                0x00000000200002d6                _FMPI2C1_error_handler
                0x00000000200002d6                _TIM1_BRK_TIM9_handler
                0x00000000200002d6                _EXTI3_handler
                0x00000000200002d6                _OTG_HS_handler
                0x00000000200002d6                _FPU_handler
                0x00000000200002d6                _DMA2_Stream6_handler
                0x00000000200002d6                _EXTI0_handler
                0x00000000200002d6                _SPDIF_Rx_handler
                0x00000000200002d6                _DMA2_Stream5_handler
                0x00000000200002d6                _I2C3_EV_handler
                0x00000000200002d6                _USART2_handler
                0x00000000200002d6                _OTG_HS_EP1_IN_handler
                0x00000000200002d6                _DMA2_Stream7_handler
                0x00000000200002d6                _USART6_handler
                0x00000000200002d6                _I2C3_ER_handler
                0x00000000200002d6                _TIM2_handler
                0x00000000200002d6                _TIM1_CC_handler
                0x00000000200002d6                _UsageFault_handler
                0x00000000200002d6                _RCC_handler
                0x00000000200002d6                _SDIO_handler
                0x00000000200002d6                _EXTI2_handler
                0x00000000200002d6                _DebugMonitor_handler
                0x00000000200002d6                _TIM8_CC_handler
                0x00000000200002d6                _SPI3_handler
                0x00000000200002d6                _TIM1_TRG_COM_TIM11_handler
                0x00000000200002d6                _DMA2_Stream4_handler
                0x00000000200002d6                _OTG_HS_EP1_OUT_handler
                0x00000000200002d6                _USART1_handler
                0x00000000200002d6                _TIM3_handler
                0x00000000200002d6                _CAN1_SCE_handler
                0x00000000200002d6                _TIM4_handler
                0x00000000200002d6                _DMA1_Stream4_handler
                0x00000000200002d6                _MemManage_handler
                0x00000000200002d6                _EXTI15_10_handler
                0x00000000200002d6                _OTG_FS_WKUP_handler
                0x00000000200002d6                _RTC_WKUP_handler
                0x00000000200002d6                _I2C2_ER_handler
                0x00000000200002d6                _CAN1_RX1_handler
                0x00000000200002d6                _DMA2_Stream0_handler
                0x00000000200002d6                _CAN2_TX_handler
                0x00000000200002d6                _DMA1_Stream0_handler
                0x00000000200002d6                _UART4_handler
                0x00000000200002d6                _EXTI4_handler
                0x00000000200002d6                _TIM7_handler
                0x00000000200002d6                _USART3_handler
                0x00000000200002d6                _FMPI2C1_handler
                0x00000000200002d6                _SAI1_handler
                0x00000000200002d6                _DMA1_Stream6_handler
                0x00000000200002d6                _DMA2_Stream1_handler
                0x00000000200002d6                _Systick_handler
                0x00000000200002d6                _TIM6_DAC_handler
                0x00000000200002d6                _I2C1_ER_handler
                0x00000000200002d6                _DMA1_Stream3_handler
                0x00000000200002d6                _DMA2_Stream3_handler
                0x00000000200002d6                _TIM1_UP_TIM10_handler
                0x00000000200002d6                _HDMI_CEC_handler
                0x00000000200002d6                default_Handler
                0x00000000200002d6                _OTG_HS_WKUP_handler
                0x00000000200002d6                _CAN1_RX0_handler
                0x00000000200002d6                _DMA1_Stream2_handler
                0x00000000200002d6                _SVCall_handler
                0x00000000200002d6                _TIM8_UP_TIM13_handler
                0x00000000200002d6                _DCMI_handler
                0x00000000200002d6                _HardFault_handler
                0x00000000200002d6                _NMI_handler
                0x00000000200002d6                _DMA1_Stream5_handler
                0x00000000200002d6                _EXTI1_handler
                0x00000000200002d6                _SPI1_handler
                0x00000000200002d6                _DMA1_Stream1_handler
                0x00000000200002d6                _PendSV_handler
                0x00000000200002d6                _ADC_handler
                0x00000000200002d6                _RTC_Alarm_handler
                0x00000000200002d6                _CAN2_RX0_handler
                0x00000000200002d6                _EXTI9_5_handler
                0x00000000200002d6                _I2C1_EV_handler
                0x00000000200002d6                _TIM5_handler
                0x00000000200002d6                _WWDG_handler
                0x00000000200002d6                _UART5_handler
                0x00000000200002d6                _TIM8_TRG_COM_TIM14_handler
                0x00000000200002d6                _SPI4_handler
                0x00000000200002d6                _SAI2_handler
                0x00000000200002d6                _SPI2_handler
                0x00000000200002d6                _BusFault_handler
                0x00000000200002d6                _PVD_handler
                0x00000000200002d6                _TAMP_STAMP_handler
                0x00000000200002d6                _DMA1_Stream7_handler
                0x00000000200002d6                _TIM8_BRK_TIM12_handler
                0x00000000200002d6                _FLASH_handler
 .text          0x00000000200002e0       0xfc ../../bsp/libbsp.a(excep.o)
                0x00000000200002e0                excep_disable_faultmask
                0x00000000200002fa                excep_enable_faultmask
                0x0000000020000312                excep_disable_primask
                0x000000002000032c                excep_enable_primask
                0x0000000020000344                excep_set_handler
                0x0000000020000368                excep_get_handler
                0x0000000020000388                excep_set_priority
                0x00000000200003b4                excep_get_priority
 .text          0x00000000200003dc       0x64 ../../bsp/libbsp.a(bsp_init.o)
                0x00000000200003dc                bus_init
                0x00000000200003ec                io_init
                0x0000000020000430                bsp_init
 .text          0x0000000020000440      0x3bc ../../bsp/libbsp.a(usart.o)
                0x0000000020000440                usart_bus_init
                0x0000000020000484                usart_init
                0x0000000020000700                usart_send_byte
                0x0000000020000748                usart_send
                0x0000000020000784                usart_receive_byte
                0x00000000200007c0                usart_receive
 .text          0x00000000200007fc      0x398 ../../bsp/libbsp.a(gpio.o)
                0x00000000200007fc                gpio_bus_init
                0x0000000020000824                gpio_set_mode
                0x00000000200008a4                gpio_set_output_type
                0x0000000020000928                gpio_set_output_speed
                0x00000000200009a8                gpio_set_pull_up_pull_down
                0x0000000020000a28                gpio_set_pin
                0x0000000020000a5c                gpio_clear_pin
                0x0000000020000a94                gpio_set_function_pin
                0x0000000020000b44                gpio_get_input_pin
                0x0000000020000b6c                gpio_get_output_pin
 .text          0x0000000020000b94      0x260 ../../bsp/libbsp.a(dev.o)
                0x0000000020000b94                register_dev
                0x0000000020000c84                get_dev
                0x0000000020000cb0                find_dev
                0x0000000020000d10                get_fd
                0x0000000020000d60                release_fd
                0x0000000020000d80                redirect_fd
 .text          0x0000000020000df4        0xc ../../bsp/libg.a(lib_a-errno.o)
                0x0000000020000df4                __errno
 .text          0x0000000020000e00        0x0 ../../bsp/libg.a(lib_a-impure.o)
 .text          0x0000000020000e00       0x60 ../../bsp/libg.a(lib_a-memcmp.o)
                0x0000000020000e00                memcmp
 *fill*         0x0000000020000e60       0x20 
 .text          0x0000000020000e80       0xdc ../../bsp/libg.a(lib_a-strlen.o)
                0x0000000020000e80                strlen
 *(.init)
 *(.fini)
                0x0000000020000f5c                _etext = .

.glue_7         0x0000000020000f5c        0x0
 .glue_7        0x0000000020000f5c        0x0 linker stubs

.glue_7t        0x0000000020000f5c        0x0
 .glue_7t       0x0000000020000f5c        0x0 linker stubs

.vfp11_veneer   0x0000000020000f5c        0x0
 .vfp11_veneer  0x0000000020000f5c        0x0 linker stubs

.v4_bx          0x0000000020000f5c        0x0
 .v4_bx         0x0000000020000f5c        0x0 linker stubs

.iplt           0x0000000020000f5c        0x0
 .iplt          0x0000000020000f5c        0x0 main.o

.rodata         0x0000000020000f5c       0x60
                0x0000000020000f5c                _rodata_start = .
 *(.rodata*)
 .rodata        0x0000000020000f5c        0x4 ../../bsp/libbsp.a(excep.o)
 .rodata        0x0000000020000f60        0xc ../../bsp/libbsp.a(bsp_init.o)
 .rodata        0x0000000020000f6c       0x24 ../../bsp/libbsp.a(usart.o)
 .rodata        0x0000000020000f90       0x1c ../../bsp/libbsp.a(gpio.o)
 .rodata        0x0000000020000fac        0xa ../../bsp/libbsp.a(dev.o)
 *fill*         0x0000000020000fb6        0x2 
 .rodata        0x0000000020000fb8        0x4 ../../bsp/libg.a(lib_a-impure.o)
                0x0000000020000fb8                _global_impure_ptr
                0x0000000020000fbc                _rodata_end = .

.rel.dyn        0x0000000020000fbc        0x0
 .rel.iplt      0x0000000020000fbc        0x0 main.o

.data           0x0000000020000fc0      0x6d8
                0x0000000020000fc0                _data_start = .
 *(.data*)
 .data          0x0000000020000fc0       0x20 main.o
                0x0000000020000fc0                gpioa_moder
                0x0000000020000fc4                rcc_ahb1enr
                0x0000000020000fc8                gpioa_bsrr
                0x0000000020000fcc                rcc_apb1enr
                0x0000000020000fd0                gpioa_moder_mask
                0x0000000020000fd4                rcc_ahb1enr_mask
                0x0000000020000fd8                gpioa_bsrr_set_mask
                0x0000000020000fdc                gpioa_bsrr_reset_mask
 .data          0x0000000020000fe0        0x0 ../../bsp/libbsp.a(crt0.o)
 .data          0x0000000020000fe0        0x0 ../../bsp/libbsp.a(excep.o)
 .data          0x0000000020000fe0        0x0 ../../bsp/libbsp.a(bsp_init.o)
 .data          0x0000000020000fe0        0x0 ../../bsp/libbsp.a(usart.o)
 .data          0x0000000020000fe0        0x0 ../../bsp/libbsp.a(gpio.o)
 .data          0x0000000020000fe0      0x284 ../../bsp/libbsp.a(dev.o)
 .data          0x0000000020001264        0x0 ../../bsp/libg.a(lib_a-errno.o)
 *fill*         0x0000000020001264        0x4 
 .data          0x0000000020001268      0x430 ../../bsp/libg.a(lib_a-impure.o)
                0x0000000020001268                _impure_ptr
 .data          0x0000000020001698        0x0 ../../bsp/libg.a(lib_a-memcmp.o)
 .data          0x0000000020001698        0x0 ../../bsp/libg.a(lib_a-strlen.o)
                0x0000000020001698                _data_end = .

.igot.plt       0x0000000020001698        0x0
 .igot.plt      0x0000000020001698        0x0 main.o

.bss            0x0000000020001698        0x0
                0x0000000020001698                _bss_start = .
 *(.bss*)
 .bss           0x0000000020001698        0x0 main.o
 .bss           0x0000000020001698        0x0 ../../bsp/libbsp.a(crt0.o)
 .bss           0x0000000020001698        0x0 ../../bsp/libbsp.a(excep.o)
 .bss           0x0000000020001698        0x0 ../../bsp/libbsp.a(bsp_init.o)
 .bss           0x0000000020001698        0x0 ../../bsp/libbsp.a(usart.o)
 .bss           0x0000000020001698        0x0 ../../bsp/libbsp.a(gpio.o)
 .bss           0x0000000020001698        0x0 ../../bsp/libbsp.a(dev.o)
 .bss           0x0000000020001698        0x0 ../../bsp/libg.a(lib_a-errno.o)
 .bss           0x0000000020001698        0x0 ../../bsp/libg.a(lib_a-impure.o)
 .bss           0x0000000020001698        0x0 ../../bsp/libg.a(lib_a-memcmp.o)
 .bss           0x0000000020001698        0x0 ../../bsp/libg.a(lib_a-strlen.o)
                0x0000000020001698                _bss_end = .

.heap           0x0000000020001698     0xe968
                0x0000000020001698                _heap_start = .
                0x0000000020010000                . = (. + _heap_size)
 *fill*         0x0000000020001698     0xe968 
                0x0000000020010000                _heap_end = .

.stack          0x0000000020010000    0x10000
                0x0000000020010000                _stack_bottom = .
                0x0000000020020000                . = (. + _stack_size)
 *fill*         0x0000000020010000    0x10000 
                0x0000000020020000                _stack_top = .

.ARM.attributes
                0x0000000000000000       0x31
 *(.ARM.attributes)
 .ARM.attributes
                0x0000000000000000       0x33 main.o
 .ARM.attributes
                0x0000000000000033       0x21 ../../bsp/libbsp.a(crt0.o)
 .ARM.attributes
                0x0000000000000054       0x33 ../../bsp/libbsp.a(excep.o)
 .ARM.attributes
                0x0000000000000087       0x33 ../../bsp/libbsp.a(bsp_init.o)
 .ARM.attributes
                0x00000000000000ba       0x33 ../../bsp/libbsp.a(usart.o)
 .ARM.attributes
                0x00000000000000ed       0x33 ../../bsp/libbsp.a(gpio.o)
 .ARM.attributes
                0x0000000000000120       0x33 ../../bsp/libbsp.a(dev.o)
 .ARM.attributes
                0x0000000000000153       0x2e ../../bsp/libg.a(lib_a-errno.o)
 .ARM.attributes
                0x0000000000000181       0x2e ../../bsp/libg.a(lib_a-impure.o)
 .ARM.attributes
                0x00000000000001af       0x2e ../../bsp/libg.a(lib_a-memcmp.o)
 .ARM.attributes
                0x00000000000001dd       0x1c ../../bsp/libg.a(lib_a-strlen.o)
LOAD main.o
LOAD ../../bsp/libbsp.a
LOAD ../../bsp/libg.a
LOAD /usr/lib/gcc/arm-none-eabi/6.3.1/libgcc.a
LOAD ../../bsp/libbsp.a
OUTPUT(main.elf elf32-littlearm)

.debug_info     0x0000000000000000     0x6faa
 .debug_info    0x0000000000000000      0xa47 main.o
 .debug_info    0x0000000000000a47       0x5f ../../bsp/libbsp.a(crt0.o)
 .debug_info    0x0000000000000aa6      0xca0 ../../bsp/libbsp.a(excep.o)
 .debug_info    0x0000000000001746      0x974 ../../bsp/libbsp.a(bsp_init.o)
 .debug_info    0x00000000000020ba     0x145b ../../bsp/libbsp.a(usart.o)
 .debug_info    0x0000000000003515     0x1028 ../../bsp/libbsp.a(gpio.o)
 .debug_info    0x000000000000453d      0xe08 ../../bsp/libbsp.a(dev.o)
 .debug_info    0x0000000000005345      0x953 ../../bsp/libg.a(lib_a-errno.o)
 .debug_info    0x0000000000005c98      0x92a ../../bsp/libg.a(lib_a-impure.o)
 .debug_info    0x00000000000065c2      0x9c2 ../../bsp/libg.a(lib_a-memcmp.o)
 .debug_info    0x0000000000006f84       0x26 ../../bsp/libg.a(lib_a-strlen.o)

.debug_abbrev   0x0000000000000000     0x13a6
 .debug_abbrev  0x0000000000000000      0x248 main.o
 .debug_abbrev  0x0000000000000248       0x14 ../../bsp/libbsp.a(crt0.o)
 .debug_abbrev  0x000000000000025c      0x278 ../../bsp/libbsp.a(excep.o)
 .debug_abbrev  0x00000000000004d4      0x1d5 ../../bsp/libbsp.a(bsp_init.o)
 .debug_abbrev  0x00000000000006a9      0x2c7 ../../bsp/libbsp.a(usart.o)
 .debug_abbrev  0x0000000000000970      0x248 ../../bsp/libbsp.a(gpio.o)
 .debug_abbrev  0x0000000000000bb8      0x25f ../../bsp/libbsp.a(dev.o)
 .debug_abbrev  0x0000000000000e17      0x1d6 ../../bsp/libg.a(lib_a-errno.o)
 .debug_abbrev  0x0000000000000fed      0x1b8 ../../bsp/libg.a(lib_a-impure.o)
 .debug_abbrev  0x00000000000011a5      0x1ed ../../bsp/libg.a(lib_a-memcmp.o)
 .debug_abbrev  0x0000000000001392       0x14 ../../bsp/libg.a(lib_a-strlen.o)

.debug_aranges  0x0000000000000000      0x158
 .debug_aranges
                0x0000000000000000       0x20 main.o
 .debug_aranges
                0x0000000000000020       0x20 ../../bsp/libbsp.a(crt0.o)
 .debug_aranges
                0x0000000000000040       0x20 ../../bsp/libbsp.a(excep.o)
 .debug_aranges
                0x0000000000000060       0x20 ../../bsp/libbsp.a(bsp_init.o)
 .debug_aranges
                0x0000000000000080       0x20 ../../bsp/libbsp.a(usart.o)
 .debug_aranges
                0x00000000000000a0       0x20 ../../bsp/libbsp.a(gpio.o)
 .debug_aranges
                0x00000000000000c0       0x20 ../../bsp/libbsp.a(dev.o)
 .debug_aranges
                0x00000000000000e0       0x20 ../../bsp/libg.a(lib_a-errno.o)
 .debug_aranges
                0x0000000000000100       0x18 ../../bsp/libg.a(lib_a-impure.o)
 .debug_aranges
                0x0000000000000118       0x20 ../../bsp/libg.a(lib_a-memcmp.o)
 .debug_aranges
                0x0000000000000138       0x20 ../../bsp/libg.a(lib_a-strlen.o)

.debug_line     0x0000000000000000      0xd13
 .debug_line    0x0000000000000000      0x183 main.o
 .debug_line    0x0000000000000183       0x47 ../../bsp/libbsp.a(crt0.o)
 .debug_line    0x00000000000001ca      0x141 ../../bsp/libbsp.a(excep.o)
 .debug_line    0x000000000000030b      0x102 ../../bsp/libbsp.a(bsp_init.o)
 .debug_line    0x000000000000040d      0x1a3 ../../bsp/libbsp.a(usart.o)
 .debug_line    0x00000000000005b0      0x15c ../../bsp/libbsp.a(gpio.o)
 .debug_line    0x000000000000070c      0x1b1 ../../bsp/libbsp.a(dev.o)
 .debug_line    0x00000000000008bd      0x102 ../../bsp/libg.a(lib_a-errno.o)
 .debug_line    0x00000000000009bf       0xdd ../../bsp/libg.a(lib_a-impure.o)
 .debug_line    0x0000000000000a9c      0x1c8 ../../bsp/libg.a(lib_a-memcmp.o)
 .debug_line    0x0000000000000c64       0xaf ../../bsp/libg.a(lib_a-strlen.o)

.debug_str      0x0000000000000000     0x1340
 .debug_str     0x0000000000000000      0x5f0 main.o
                                        0x667 (size before relaxing)
 .debug_str     0x00000000000005f0      0x2a7 ../../bsp/libbsp.a(excep.o)
                                        0x84b (size before relaxing)
 .debug_str     0x0000000000000897       0x7d ../../bsp/libbsp.a(bsp_init.o)
                                        0x587 (size before relaxing)
 .debug_str     0x0000000000000914      0x466 ../../bsp/libbsp.a(usart.o)
                                        0x9ef (size before relaxing)
 .debug_str     0x0000000000000d7a      0x13f ../../bsp/libbsp.a(gpio.o)
                                        0x907 (size before relaxing)
 .debug_str     0x0000000000000eb9      0x1a0 ../../bsp/libbsp.a(dev.o)
                                        0x728 (size before relaxing)
 .debug_str     0x0000000000001059      0x11f ../../bsp/libg.a(lib_a-errno.o)
                                        0x5aa (size before relaxing)
 .debug_str     0x0000000000001178       0x92 ../../bsp/libg.a(lib_a-impure.o)
                                        0x598 (size before relaxing)
 .debug_str     0x000000000000120a       0x8f ../../bsp/libg.a(lib_a-memcmp.o)
                                        0x59c (size before relaxing)
 .debug_str     0x0000000000001299       0xa7 ../../bsp/libg.a(lib_a-strlen.o)

.comment        0x0000000000000000       0x8a
 .comment       0x0000000000000000       0x31 main.o
                                         0x32 (size before relaxing)
 .comment       0x0000000000000031       0x32 ../../bsp/libbsp.a(excep.o)
 .comment       0x0000000000000031       0x32 ../../bsp/libbsp.a(bsp_init.o)
 .comment       0x0000000000000031       0x32 ../../bsp/libbsp.a(usart.o)
 .comment       0x0000000000000031       0x32 ../../bsp/libbsp.a(gpio.o)
 .comment       0x0000000000000031       0x32 ../../bsp/libbsp.a(dev.o)
 .comment       0x0000000000000031       0x59 ../../bsp/libg.a(lib_a-errno.o)
                                         0x5a (size before relaxing)
 .comment       0x000000000000008a       0x5a ../../bsp/libg.a(lib_a-impure.o)
 .comment       0x000000000000008a       0x5a ../../bsp/libg.a(lib_a-memcmp.o)

.debug_frame    0x0000000000000000      0x674
 .debug_frame   0x0000000000000000       0xd0 main.o
 .debug_frame   0x00000000000000d0      0x150 ../../bsp/libbsp.a(excep.o)
 .debug_frame   0x0000000000000220       0x64 ../../bsp/libbsp.a(bsp_init.o)
 .debug_frame   0x0000000000000284       0xfc ../../bsp/libbsp.a(usart.o)
 .debug_frame   0x0000000000000380      0x1a4 ../../bsp/libbsp.a(gpio.o)
 .debug_frame   0x0000000000000524       0xf4 ../../bsp/libbsp.a(dev.o)
 .debug_frame   0x0000000000000618       0x20 ../../bsp/libg.a(lib_a-errno.o)
 .debug_frame   0x0000000000000638       0x3c ../../bsp/libg.a(lib_a-memcmp.o)

.debug_loc      0x0000000000000000      0x1db
 .debug_loc     0x0000000000000000      0x1db ../../bsp/libg.a(lib_a-memcmp.o)
